Archive member included to satisfy reference by file (symbol)

C:/Users/armstrongsubero/Desktop/Products/02_Rovari_Studio/Rovari_System_Studio/toolchain/bin/../lib/gcc/riscv-none-elf/15.2.0/rv32imafc_zicsr_zaamo_zalrsc/ilp32f\libgcc.a(_udivdi3.o)
                              C:/Users/armstrongsubero/Desktop/Products/Rovari_Code_Examples/CH32_SPEECH/TTS_DEMO_DUO/system/build/ch32h417_usart_001c4078.o (__udivdi3)
C:/Users/armstrongsubero/Desktop/Products/02_Rovari_Studio/Rovari_System_Studio/toolchain/bin/../lib/gcc/riscv-none-elf/15.2.0/rv32imafc_zicsr_zaamo_zalrsc/ilp32f\libgcc.a(save-restore.o)
                              C:/Users/armstrongsubero/Desktop/Products/Rovari_Code_Examples/CH32_SPEECH/TTS_DEMO_DUO/system/build/app_2f2517d3.o (__riscv_save_12)
C:/Users/armstrongsubero/Desktop/Products/02_Rovari_Studio/Rovari_System_Studio/toolchain/bin/../lib/gcc/riscv-none-elf/15.2.0/rv32imafc_zicsr_zaamo_zalrsc/ilp32f\libgcc.a(_clz.o)
                              C:/Users/armstrongsubero/Desktop/Products/02_Rovari_Studio/Rovari_System_Studio/toolchain/bin/../lib/gcc/riscv-none-elf/15.2.0/rv32imafc_zicsr_zaamo_zalrsc/ilp32f\libgcc.a(_udivdi3.o) (__clz_tab)
C:/Users/armstrongsubero/Desktop/Products/02_Rovari_Studio/Rovari_System_Studio/toolchain/bin/../lib/gcc/riscv-none-elf/15.2.0/../../../../riscv-none-elf/lib/rv32imafc_zicsr_zaamo_zalrsc/ilp32f\libc_nano.a(libc_a-printf.o)
                              C:/Users/armstrongsubero/Desktop/Products/Rovari_Code_Examples/CH32_SPEECH/TTS_DEMO_DUO/system/build/tts_provision_2f7831f6.o (printf)
C:/Users/armstrongsubero/Desktop/Products/02_Rovari_Studio/Rovari_System_Studio/toolchain/bin/../lib/gcc/riscv-none-elf/15.2.0/../../../../riscv-none-elf/lib/rv32imafc_zicsr_zaamo_zalrsc/ilp32f\libc_nano.a(libc_a-puts.o)
                              C:/Users/armstrongsubero/Desktop/Products/Rovari_Code_Examples/CH32_SPEECH/TTS_DEMO_DUO/system/build/tts_provision_2f7831f6.o (puts)
C:/Users/armstrongsubero/Desktop/Products/02_Rovari_Studio/Rovari_System_Studio/toolchain/bin/../lib/gcc/riscv-none-elf/15.2.0/../../../../riscv-none-elf/lib/rv32imafc_zicsr_zaamo_zalrsc/ilp32f\libc_nano.a(libc_a-vprintf.o)
                              C:/Users/armstrongsubero/Desktop/Products/Rovari_Code_Examples/CH32_SPEECH/TTS_DEMO_DUO/system/build/tts_log_8d3347fd.o (vprintf)
C:/Users/armstrongsubero/Desktop/Products/02_Rovari_Studio/Rovari_System_Studio/toolchain/bin/../lib/gcc/riscv-none-elf/15.2.0/../../../../riscv-none-elf/lib/rv32imafc_zicsr_zaamo_zalrsc/ilp32f\libc_nano.a(libc_a-vsnprintf.o)
                              C:/Users/armstrongsubero/Desktop/Products/Rovari_Code_Examples/CH32_SPEECH/TTS_DEMO_DUO/system/build/app_2f2517d3.o (vsnprintf)
C:/Users/armstrongsubero/Desktop/Products/02_Rovari_Studio/Rovari_System_Studio/toolchain/bin/../lib/gcc/riscv-none-elf/15.2.0/../../../../riscv-none-elf/lib/rv32imafc_zicsr_zaamo_zalrsc/ilp32f\libc_nano.a(libc_a-wbuf.o)
                              C:/Users/armstrongsubero/Desktop/Products/02_Rovari_Studio/Rovari_System_Studio/toolchain/bin/../lib/gcc/riscv-none-elf/15.2.0/../../../../riscv-none-elf/lib/rv32imafc_zicsr_zaamo_zalrsc/ilp32f\libc_nano.a(libc_a-puts.o) (__swbuf_r)
C:/Users/armstrongsubero/Desktop/Products/02_Rovari_Studio/Rovari_System_Studio/toolchain/bin/../lib/gcc/riscv-none-elf/15.2.0/../../../../riscv-none-elf/lib/rv32imafc_zicsr_zaamo_zalrsc/ilp32f\libc_nano.a(libc_a-wsetup.o)
                              C:/Users/armstrongsubero/Desktop/Products/02_Rovari_Studio/Rovari_System_Studio/toolchain/bin/../lib/gcc/riscv-none-elf/15.2.0/../../../../riscv-none-elf/lib/rv32imafc_zicsr_zaamo_zalrsc/ilp32f\libc_nano.a(libc_a-puts.o) (__swsetup_r)
C:/Users/armstrongsubero/Desktop/Products/02_Rovari_Studio/Rovari_System_Studio/toolchain/bin/../lib/gcc/riscv-none-elf/15.2.0/../../../../riscv-none-elf/lib/rv32imafc_zicsr_zaamo_zalrsc/ilp32f\libc_nano.a(libc_a-memcmp.o)
                              C:/Users/armstrongsubero/Desktop/Products/Rovari_Code_Examples/CH32_SPEECH/TTS_DEMO_DUO/system/build/tts_provision_2f7831f6.o (memcmp)
C:/Users/armstrongsubero/Desktop/Products/02_Rovari_Studio/Rovari_System_Studio/toolchain/bin/../lib/gcc/riscv-none-elf/15.2.0/../../../../riscv-none-elf/lib/rv32imafc_zicsr_zaamo_zalrsc/ilp32f\libc_nano.a(libc_a-strchr.o)
                              C:/Users/armstrongsubero/Desktop/Products/Rovari_Code_Examples/CH32_SPEECH/TTS_DEMO_DUO/system/build/ff_f2b7cc74.o (strchr)
C:/Users/armstrongsubero/Desktop/Products/02_Rovari_Studio/Rovari_System_Studio/toolchain/bin/../lib/gcc/riscv-none-elf/15.2.0/../../../../riscv-none-elf/lib/rv32imafc_zicsr_zaamo_zalrsc/ilp32f\libc_nano.a(libc_a-impure.o)
                              C:/Users/armstrongsubero/Desktop/Products/02_Rovari_Studio/Rovari_System_Studio/toolchain/bin/../lib/gcc/riscv-none-elf/15.2.0/../../../../riscv-none-elf/lib/rv32imafc_zicsr_zaamo_zalrsc/ilp32f\libc_nano.a(libc_a-printf.o) (_impure_ptr)
[...]
Memory Configuration

Name             Origin             Length             Attributes
FLASH            0x00000000         0x0000e000         xr
RAM_CODE         0x20100000         0x00010000         xrw
RAM              0x20110100         0x0006ff00         xrw
RAM_LOAD         0x20110000         0x00000100         xrw
*default*        0x00000000         0xffffffff

Linker script and memory map

LOAD C:/Users/armstrongsubero/Desktop/Products/Rovari_Code_Examples/CH32_SPEECH/TTS_DEMO_DUO/system/build/app_2f2517d3.o
LOAD C:/Users/armstrongsubero/Desktop/Products/Rovari_Code_Examples/CH32_SPEECH/TTS_DEMO_DUO/system/build/rovari.blocks_f49ab14c.o
LOAD C:/Users/armstrongsubero/Desktop/Products/Rovari_Code_Examples/CH32_SPEECH/TTS_DEMO_DUO/system/build/acoustic_stage2_8bda40cf.o
LOAD C:/Users/armstrongsubero/Desktop/Products/Rovari_Code_Examples/CH32_SPEECH/TTS_DEMO_DUO/system/build/ch32h417_it_fa220d63.o
LOAD C:/Users/armstrongsubero/Desktop/Products/Rovari_Code_Examples/CH32_SPEECH/TTS_DEMO_DUO/system/build/lpcvoc_39319ca5.o
LOAD C:/Users/armstrongsubero/Desktop/Products/Rovari_Code_Examples/CH32_SPEECH/TTS_DEMO_DUO/system/build/pron_dict_packed_c19cd1b5.o
LOAD C:/Users/armstrongsubero/Desktop/Products/Rovari_Code_Examples/CH32_SPEECH/TTS_DEMO_DUO/system/build/prosody_model_int8_491b80c9.o
LOAD C:/Users/armstrongsubero/Desktop/Products/Rovari_Code_Examples/CH32_SPEECH/TTS_DEMO_DUO/system/build/textnorm_c1951132.o
LOAD C:/Users/armstrongsubero/Desktop/Products/Rovari_Code_Examples/CH32_SPEECH/TTS_DEMO_DUO/system/build/tts_frontend_14e28f97.o
LOAD C:/Users/armstrongsubero/Desktop/Products/Rovari_Code_Examples/CH32_SPEECH/TTS_DEMO_DUO/system/build/tts_log_8d3347fd.o
LOAD C:/Users/armstrongsubero/Desktop/Products/Rovari_Code_Examples/CH32_SPEECH/TTS_DEMO_DUO/system/build/tts_provision_2f7831f6.o
LOAD C:/Users/armstrongsubero/Desktop/Products/Rovari_Code_Examples/CH32_SPEECH/TTS_DEMO_DUO/system/build/tts_stdlib_dca9f3a2.o
LOAD C:/Users/armstrongsubero/Desktop/Products/Rovari_Code_Examples/CH32_SPEECH/TTS_DEMO_DUO/system/build/word_vocab_packed_bec47c5c.o
LOAD C:/Users/armstrongsubero/Desktop/Products/Rovari_Code_Examples/CH32_SPEECH/TTS_DEMO_DUO/system/build/startup_11f0cfbb.o
LOAD C:/Users/armstrongsubero/Desktop/Products/Rovari_Code_Examples/CH32_SPEECH/TTS_DEMO_DUO/system/build/system_ch32h417_d84b448b.o
LOAD C:/Users/armstrongsubero/Desktop/Products/Rovari_Code_Examples/CH32_SPEECH/TTS_DEMO_DUO/system/build/core_riscv_7dbc2d40.o
LOAD C:/Users/armstrongsubero/Desktop/Products/Rovari_Code_Examples/CH32_SPEECH/TTS_DEMO_DUO/system/build/debug_fb75bc4f.o
LOAD C:/Users/armstrongsubero/Desktop/Products/Rovari_Code_Examples/CH32_SPEECH/TTS_DEMO_DUO/system/build/ch32h417_gpio_2abf4fc3.o
LOAD C:/Users/armstrongsubero/Desktop/Products/Rovari_Code_Examples/CH32_SPEECH/TTS_DEMO_DUO/system/build/ch32h417_rcc_eb5498b3.o
LOAD C:/Users/armstrongsubero/Desktop/Products/Rovari_Code_Examples/CH32_SPEECH/TTS_DEMO_DUO/system/build/ch32h417_tim_616135bf.o
LOAD C:/Users/armstrongsubero/Desktop/Products/Rovari_Code_Examples/CH32_SPEECH/TTS_DEMO_DUO/system/build/ch32h417_flash_b574222d.o
LOAD C:/Users/armstrongsubero/Desktop/Products/Rovari_Code_Examples/CH32_SPEECH/TTS_DEMO_DUO/system/build/rovari_main_6ea515ce.o
LOAD C:/Users/armstrongsubero/Desktop/Products/Rovari_Code_Examples/CH32_SPEECH/TTS_DEMO_DUO/system/build/rovari_gpio_5223812d.o
LOAD C:/Users/armstrongsubero/Desktop/Products/Rovari_Code_Examples/CH32_SPEECH/TTS_DEMO_DUO/system/build/rovari_tick_e930fe48.o
LOAD C:/Users/armstrongsubero/Desktop/Products/Rovari_Code_Examples/CH32_SPEECH/TTS_DEMO_DUO/system/build/rovari_touch_c1856630.o
LOAD C:/Users/armstrongsubero/Desktop/Products/Rovari_Code_Examples/CH32_SPEECH/TTS_DEMO_DUO/system/build/sevs_assert_target_aebddc0e.o
LOAD C:/Users/armstrongsubero/Desktop/Products/Rovari_Code_Examples/CH32_SPEECH/TTS_DEMO_DUO/system/build/ch32h417_usart_001c4078.o
LOAD C:/Users/armstrongsubero/Desktop/Products/Rovari_Code_Examples/CH32_SPEECH/TTS_DEMO_DUO/system/build/rovari_uart_b9179535.o
LOAD C:/Users/armstrongsubero/Desktop/Products/Rovari_Code_Examples/CH32_SPEECH/TTS_DEMO_DUO/system/build/ch32h417_spi_ba36e6a4.o
LOAD C:/Users/armstrongsubero/Desktop/Products/Rovari_Code_Examples/CH32_SPEECH/TTS_DEMO_DUO/system/build/rovari_spi_e28fdd8b.o
LOAD C:/Users/armstrongsubero/Desktop/Products/Rovari_Code_Examples/CH32_SPEECH/TTS_DEMO_DUO/system/build/ch32h417_dac_85d5e0e2.o
LOAD C:/Users/armstrongsubero/Desktop/Products/Rovari_Code_Examples/CH32_SPEECH/TTS_DEMO_DUO/system/build/rovari_dac_d85579ce.o
LOAD C:/Users/armstrongsubero/Desktop/Products/Rovari_Code_Examples/CH32_SPEECH/TTS_DEMO_DUO/system/build/rovari_timer_78c19929.o
LOAD C:/Users/armstrongsubero/Desktop/Products/Rovari_Code_Examples/CH32_SPEECH/TTS_DEMO_DUO/system/build/rovari_pwm_8e8032a4.o
LOAD C:/Users/armstrongsubero/Desktop/Products/Rovari_Code_Examples/CH32_SPEECH/TTS_DEMO_DUO/system/build/rovari_capture_812a327d.o
LOAD C:/Users/armstrongsubero/Desktop/Products/Rovari_Code_Examples/CH32_SPEECH/TTS_DEMO_DUO/system/build/ch32h417_dma_32b0c9c9.o
LOAD C:/Users/armstrongsubero/Desktop/Products/Rovari_Code_Examples/CH32_SPEECH/TTS_DEMO_DUO/system/build/rovari_dma_287e8fbc.o
LOAD C:/Users/armstrongsubero/Desktop/Products/Rovari_Code_Examples/CH32_SPEECH/TTS_DEMO_DUO/system/build/ch32h417_pwr_0ad61247.o
LOAD C:/Users/armstrongsubero/Desktop/Products/Rovari_Code_Examples/CH32_SPEECH/TTS_DEMO_DUO/system/build/ch32h417_crc_03b3b755.o
LOAD C:/Users/armstrongsubero/Desktop/Products/Rovari_Code_Examples/CH32_SPEECH/TTS_DEMO_DUO/system/build/rovari_crc_4460bc77.o
LOAD C:/Users/armstrongsubero/Desktop/Products/Rovari_Code_Examples/CH32_SPEECH/TTS_DEMO_DUO/system/build/ch32h417_hsem_3fc6f9a8.o
LOAD C:/Users/armstrongsubero/Desktop/Products/Rovari_Code_Examples/CH32_SPEECH/TTS_DEMO_DUO/system/build/ch32h417_ipc_6434b953.o
LOAD C:/Users/armstrongsubero/Desktop/Products/Rovari_Code_Examples/CH32_SPEECH/TTS_DEMO_DUO/system/build/rovari_sdcard_spi_7e951623.o
LOAD C:/Users/armstrongsubero/Desktop/Products/Rovari_Code_Examples/CH32_SPEECH/TTS_DEMO_DUO/system/build/rovari_diskio_spi_a20e7175.o
LOAD C:/Users/armstrongsubero/Desktop/Products/Rovari_Code_Examples/CH32_SPEECH/TTS_DEMO_DUO/system/build/ff_f2b7cc74.o
LOAD C:/Users/armstrongsubero/Desktop/Products/Rovari_Code_Examples/CH32_SPEECH/TTS_DEMO_DUO/system/build/ffsystem_b342f1f5.o
LOAD C:/Users/armstrongsubero/Desktop/Products/Rovari_Code_Examples/CH32_SPEECH/TTS_DEMO_DUO/system/build/ffunicode_39709b4c.o
LOAD C:/Users/armstrongsubero/Desktop/Products/02_Rovari_Studio/Rovari_System_Studio/toolchain/bin/../lib/gcc/riscv-none-elf/15.2.0/../../../../riscv-none-elf/lib/rv32imafc_zicsr_zaamo_zalrsc/ilp32f\libstdc++_nano.a
LOAD C:/Users/armstrongsubero/Desktop/Products/02_Rovari_Studio/Rovari_System_Studio/toolchain/bin/../lib/gcc/riscv-none-elf/15.2.0/../../../../riscv-none-elf/lib/rv32imafc_zicsr_zaamo_zalrsc/ilp32f\libm_nano.a
LOAD C:/Users/armstrongsubero/Desktop/Products/02_Rovari_Studio/Rovari_System_Studio/toolchain/bin/../lib/gcc/riscv-none-elf/15.2.0/rv32imafc_zicsr_zaamo_zalrsc/ilp32f\libgcc.a
LOAD C:/Users/armstrongsubero/Desktop/Products/02_Rovari_Studio/Rovari_System_Studio/toolchain/bin/../lib/gcc/riscv-none-elf/15.2.0/../../../../riscv-none-elf/lib/rv32imafc_zicsr_zaamo_zalrsc/ilp32f\libc_nano.a
LOAD C:/Users/armstrongsubero/Desktop/Products/02_Rovari_Studio/Rovari_System_Studio/toolchain/bin/../lib/gcc/riscv-none-elf/15.2.0/rv32imafc_zicsr_zaamo_zalrsc/ilp32f\libgcc.a
START GROUP
LOAD C:/Users/armstrongsubero/Desktop/Products/02_Rovari_Studio/Rovari_System_Studio/toolchain/bin/../lib/gcc/riscv-none-elf/15.2.0/rv32imafc_zicsr_zaamo_zalrsc/ilp32f\libgcc.a
LOAD C:/Users/armstrongsubero/Desktop/Products/02_Rovari_Studio/Rovari_System_Studio/toolchain/bin/../lib/gcc/riscv-none-elf/15.2.0/../../../../riscv-none-elf/lib/rv32imafc_zicsr_zaamo_zalrsc/ilp32f\libc_nano.a
LOAD C:/Users/armstrongsubero/Desktop/Products/02_Rovari_Studio/Rovari_System_Studio/toolchain/bin/../lib/gcc/riscv-none-elf/15.2.0/../../../../riscv-none-elf/lib/rv32imafc_zicsr_zaamo_zalrsc/ilp32f\libnosys.a
END GROUP
START GROUP
LOAD C:/Users/armstrongsubero/Desktop/Products/02_Rovari_Studio/Rovari_System_Studio/toolchain/bin/../lib/gcc/riscv-none-elf/15.2.0/rv32imafc_zicsr_zaamo_zalrsc/ilp32f\libgcc.a
LOAD C:/Users/armstrongsubero/Desktop/Products/02_Rovari_Studio/Rovari_System_Studio/toolchain/bin/../lib/gcc/riscv-none-elf/15.2.0/../../../../riscv-none-elf/lib/rv32imafc_zicsr_zaamo_zalrsc/ilp32f\libc_nano.a
LOAD C:/Users/armstrongsubero/Desktop/Products/02_Rovari_Studio/Rovari_System_Studio/toolchain/bin/../lib/gcc/riscv-none-elf/15.2.0/../../../../riscv-none-elf/lib/rv32imafc_zicsr_zaamo_zalrsc/ilp32f\libnosys.a
END GROUP
                0x00000800                        __stack_size = 0x800
                [!provide]                        PROVIDE (_stack_size = __stack_size)

.init           0x00000000        0x4
                0x00000000                        _sinit = .
                0x00000000                        . = ALIGN (0x4)
 *(SORT_NONE(.init))
 .init          0x00000000        0x4 C:/Users/armstrongsubero/Desktop/Products/Rovari_Code_Examples/CH32_SPEECH/TTS_DEMO_DUO/system/build/startup_11f0cfbb.o
                0x00000000                _start
                0x00000004                        . = ALIGN (0x4)
                0x00000004                        _einit = .

.loadcodelalign
                0x00000004        0x0
                0x00000004                        . = ALIGN (0x4)
                0x00000004                        PROVIDE (_loadcode_lma = .)

.loadcode       0x20110000       0xf4 load address 0x00000004
                0x20110000                        . = ALIGN (0x4)
                0x20110000                        PROVIDE (_loadcode_vma_start = .)
 *(.load)
 .load          0x20110000       0xf2 C:/Users/armstrongsubero/Desktop/Products/Rovari_Code_Examples/CH32_SPEECH/TTS_DEMO_DUO/system/build/startup_11f0cfbb.o
                0x201100f4                        . = ALIGN (0x4)
 *fill*         0x201100f2        0x2 
                0x201100f4                        PROVIDE (_loadcode_vma_end = .)

.highcodelalign
                0x000000f8        0x0
                0x000000f8                        . = ALIGN (0x4)
                0x000000f8                        PROVIDE (_highcode_lma = .)

.highcode       0x20100000     0xcaf4 load address 0x000000f8
                0x20100000                        . = ALIGN (0x4)
                0x20100000                        PROVIDE (_highcode_vma_start = .)
 *(.vector)
 .vector        0x20100000      0x254 C:/Users/armstrongsubero/Desktop/Products/Rovari_Code_Examples/CH32_SPEECH/TTS_DEMO_DUO/system/build/startup_11f0cfbb.o
 *(SORT_NONE(.vector_handler))
 *(.text)
 .text          0x20100254       0x68 C:/Users/armstrongsubero/Desktop/Products/02_Rovari_Studio/Rovari_System_Studio/toolchain/bin/../lib/gcc/riscv-none-elf/15.2.0/rv32imafc_zicsr_zaamo_zalrsc/ilp32f\libgcc.a(save-restore.o)
                0x20100254                __riscv_save_12
                0x2010025c                __riscv_save_9
                0x2010025c                __riscv_save_11
                0x2010025c                __riscv_save_10
                0x2010025c                __riscv_save_8
                0x2010026c                __riscv_save_4
                0x2010026c                __riscv_save_6
                0x2010026c                __riscv_save_5
                0x2010026c                __riscv_save_7
                0x20100288                __riscv_save_3
                0x20100288                __riscv_save_2
                0x20100288                __riscv_save_1
                0x20100288                __riscv_save_0
                0x20100294                __riscv_restore_12
                0x20100298                __riscv_restore_11
                0x20100298                __riscv_restore_9
                0x20100298                __riscv_restore_10
                0x20100298                __riscv_restore_8
                0x201002a4                __riscv_restore_5
                0x201002a4                __riscv_restore_7
                0x201002a4                __riscv_restore_6
                0x201002a4                __riscv_restore_4
                0x201002b0                __riscv_restore_3
                0x201002b0                __riscv_restore_0
                0x201002b0                __riscv_restore_2
                0x201002b0                __riscv_restore_1
 .text          0x201002bc       0x10 C:/Users/armstrongsubero/Desktop/Products/02_Rovari_Studio/Rovari_System_Studio/toolchain/bin/../lib/gcc/riscv-none-elf/15.2.0/../../../../riscv-none-elf/lib/rv32imafc_zicsr_zaamo_zalrsc/ilp32f\libc_nano.a(libc_a-memset.o)
                0x201002bc                memset
 .text          0x201002cc       0x16 C:/Users/armstrongsubero/Desktop/Products/02_Rovari_Studio/Rovari_System_Studio/toolchain/bin/../lib/gcc/riscv-none-elf/15.2.0/../../../../riscv-none-elf/lib/rv32imafc_zicsr_zaamo_zalrsc/ilp32f\libc_nano.a(libc_a-memcpy-asm.o)
                0x201002cc                memcpy
 *(.text.*)
 .text._ZL8dac_tickv
                0x201002e2       0xb6 C:/Users/armstrongsubero/Desktop/Products/Rovari_Code_Examples/CH32_SPEECH/TTS_DEMO_DUO/system/build/app_2f2517d3.o
 .text._ZL9dict_readPvmS_m
                0x20100398       0x5c C:/Users/armstrongsubero/Desktop/Products/Rovari_Code_Examples/CH32_SPEECH/TTS_DEMO_DUO/system/build/app_2f2517d3.o
 .text._ZN4Uart6printfEPKcz
                0x201003f4       0x54 C:/Users/armstrongsubero/Desktop/Products/Rovari_Code_Examples/CH32_SPEECH/TTS_DEMO_DUO/system/build/app_2f2517d3.o
                0x201003f4                Uart::printf(char const*, ...)
 .text._ZL11v5f_commandmm
                0x20100448      0x12a C:/Users/armstrongsubero/Desktop/Products/Rovari_Code_Examples/CH32_SPEECH/TTS_DEMO_DUO/system/build/app_2f2517d3.o
 .text._ZL8play_pcmm
                0x20100572       0xd2 C:/Users/armstrongsubero/Desktop/Products/Rovari_Code_Examples/CH32_SPEECH/TTS_DEMO_DUO/system/build/app_2f2517d3.o
 .text._ZL9write_wavPKsm.constprop.0
                0x20100644      0x216 C:/Users/armstrongsubero/Desktop/Products/Rovari_Code_Examples/CH32_SPEECH/TTS_DEMO_DUO/system/build/app_2f2517d3.o
 .text._ZL5speakPKc
                0x2010085a      0x2a0 C:/Users/armstrongsubero/Desktop/Products/Rovari_Code_Examples/CH32_SPEECH/TTS_DEMO_DUO/system/build/app_2f2517d3.o
 .text.app_init
                0x20100afa      0x35a C:/Users/armstrongsubero/Desktop/Products/Rovari_Code_Examples/CH32_SPEECH/TTS_DEMO_DUO/system/build/app_2f2517d3.o
                0x20100afa                app_init
 .text.app_run  0x20100e54       0x7c C:/Users/armstrongsubero/Desktop/Products/Rovari_Code_Examples/CH32_SPEECH/TTS_DEMO_DUO/system/build/app_2f2517d3.o
                0x20100e54                app_run
 .text.startup._GLOBAL__sub_I_app_init
                0x20100ed0       0x34 C:/Users/armstrongsubero/Desktop/Products/Rovari_Code_Examples/CH32_SPEECH/TTS_DEMO_DUO/system/build/app_2f2517d3.o
 .text.startup._GLOBAL__sub_I__Z10block_initv
                0x20100f04       0x34 C:/Users/armstrongsubero/Desktop/Products/Rovari_Code_Examples/CH32_SPEECH/TTS_DEMO_DUO/system/build/rovari.blocks_f49ab14c.o
 .text.NMI_Handler
                0x20100f38        0x6 C:/Users/armstrongsubero/Desktop/Products/Rovari_Code_Examples/CH32_SPEECH/TTS_DEMO_DUO/system/build/ch32h417_it_fa220d63.o
                0x20100f38                NMI_Handler
 .text.HardFault_Handler
                0x20100f3e       0x18 C:/Users/armstrongsubero/Desktop/Products/Rovari_Code_Examples/CH32_SPEECH/TTS_DEMO_DUO/system/build/ch32h417_it_fa220d63.o
                0x20100f3e                HardFault_Handler
 .text.pron_dict_init_stream
                0x20100f56       0xec C:/Users/armstrongsubero/Desktop/Products/Rovari_Code_Examples/CH32_SPEECH/TTS_DEMO_DUO/system/build/pron_dict_packed_c19cd1b5.o
                0x20100f56                pron_dict_init_stream
 .text.pron_lookup
                0x20101042      0x28a C:/Users/armstrongsubero/Desktop/Products/Rovari_Code_Examples/CH32_SPEECH/TTS_DEMO_DUO/system/build/pron_dict_packed_c19cd1b5.o
                0x20101042                pron_lookup
 .text.pron_dict_entries
                0x201012cc       0x10 C:/Users/armstrongsubero/Desktop/Products/Rovari_Code_Examples/CH32_SPEECH/TTS_DEMO_DUO/system/build/pron_dict_packed_c19cd1b5.o
                0x201012cc                pron_dict_entries
 .text.ends_with
                0x201012dc       0x6a C:/Users/armstrongsubero/Desktop/Products/Rovari_Code_Examples/CH32_SPEECH/TTS_DEMO_DUO/system/build/textnorm_c1951132.o
 .text.add_number_words
                0x20101346      0x142 C:/Users/armstrongsubero/Desktop/Products/Rovari_Code_Examples/CH32_SPEECH/TTS_DEMO_DUO/system/build/textnorm_c1951132.o
 .text.add_literal
                0x20101488       0x84 C:/Users/armstrongsubero/Desktop/Products/Rovari_Code_Examples/CH32_SPEECH/TTS_DEMO_DUO/system/build/textnorm_c1951132.o
 .text.add_contraction_or_word
                0x2010150c      0x5da C:/Users/armstrongsubero/Desktop/Products/Rovari_Code_Examples/CH32_SPEECH/TTS_DEMO_DUO/system/build/textnorm_c1951132.o
 .text.normalize_and_tokenize
                0x20101ae6      0x266 C:/Users/armstrongsubero/Desktop/Products/Rovari_Code_Examples/CH32_SPEECH/TTS_DEMO_DUO/system/build/textnorm_c1951132.o
                0x20101ae6                normalize_and_tokenize
 .text.is_pause_token
                0x20101d4c       0xfc C:/Users/armstrongsubero/Desktop/Products/Rovari_Code_Examples/CH32_SPEECH/TTS_DEMO_DUO/system/build/tts_frontend_14e28f97.o
 .text.append_word_pronunciation
                0x20101e48      0x594 C:/Users/armstrongsubero/Desktop/Products/Rovari_Code_Examples/CH32_SPEECH/TTS_DEMO_DUO/system/build/tts_frontend_14e28f97.o
 .text.reciter_guess
                0x201023dc      0x6e8 C:/Users/armstrongsubero/Desktop/Products/Rovari_Code_Examples/CH32_SPEECH/TTS_DEMO_DUO/system/build/tts_frontend_14e28f97.o
                0x201023dc                reciter_guess
 .text.tts_frontend_process
                0x20102ac4      0x65c C:/Users/armstrongsubero/Desktop/Products/Rovari_Code_Examples/CH32_SPEECH/TTS_DEMO_DUO/system/build/tts_frontend_14e28f97.o
                0x20102ac4                tts_frontend_process
 .text.tts_log  0x20103120       0x28 C:/Users/armstrongsubero/Desktop/Products/Rovari_Code_Examples/CH32_SPEECH/TTS_DEMO_DUO/system/build/tts_log_8d3347fd.o
                0x20103120                tts_log
 .text.crc32_flash
                0x20103148       0x72 C:/Users/armstrongsubero/Desktop/Products/Rovari_Code_Examples/CH32_SPEECH/TTS_DEMO_DUO/system/build/tts_provision_2f7831f6.o
 .text.provision_blob
                0x201031ba      0x20e C:/Users/armstrongsubero/Desktop/Products/Rovari_Code_Examples/CH32_SPEECH/TTS_DEMO_DUO/system/build/tts_provision_2f7831f6.o
 .text.tts_provision_ensure
                0x201033c8      0x1e6 C:/Users/armstrongsubero/Desktop/Products/Rovari_Code_Examples/CH32_SPEECH/TTS_DEMO_DUO/system/build/tts_provision_2f7831f6.o
                0x201033c8                tts_provision_ensure
 .text.tts_provision_strerror
                0x201035ae       0x20 C:/Users/armstrongsubero/Desktop/Products/Rovari_Code_Examples/CH32_SPEECH/TTS_DEMO_DUO/system/build/tts_provision_2f7831f6.o
                0x201035ae                tts_provision_strerror
 .text.memmove  0x201035ce       0x36 C:/Users/armstrongsubero/Desktop/Products/Rovari_Code_Examples/CH32_SPEECH/TTS_DEMO_DUO/system/build/tts_stdlib_dca9f3a2.o
                0x201035ce                memmove
 .text.wvk_decode
                0x20103604       0x5e C:/Users/armstrongsubero/Desktop/Products/Rovari_Code_Examples/CH32_SPEECH/TTS_DEMO_DUO/system/build/word_vocab_packed_bec47c5c.o
 .text.word_vocab_init
                0x20103662       0x4c C:/Users/armstrongsubero/Desktop/Products/Rovari_Code_Examples/CH32_SPEECH/TTS_DEMO_DUO/system/build/word_vocab_packed_bec47c5c.o
                0x20103662                word_vocab_init
 .text.word_vocab_lookup
                0x201036ae      0x1fe C:/Users/armstrongsubero/Desktop/Products/Rovari_Code_Examples/CH32_SPEECH/TTS_DEMO_DUO/system/build/word_vocab_packed_bec47c5c.o
                0x201036ae                word_vocab_lookup
 .text.word_vocab_assign_frames_indexed
                0x201038ac      0x110 C:/Users/armstrongsubero/Desktop/Products/Rovari_Code_Examples/CH32_SPEECH/TTS_DEMO_DUO/system/build/word_vocab_packed_bec47c5c.o
                0x201038ac                word_vocab_assign_frames_indexed
 .text.vector_handler
                0x201039bc        0x2 C:/Users/armstrongsubero/Desktop/Products/Rovari_Code_Examples/CH32_SPEECH/TTS_DEMO_DUO/system/build/startup_11f0cfbb.o
                0x201039bc                TIM8_TRG_COM_IRQHandler
                0x201039bc                USART_WKUP_IRQHandler
                0x201039bc                SPI4_IRQHandler
                0x201039bc                DFSDM0_IRQHandler
                0x201039bc                IPC_CH2_Handler
                0x201039bc                USBPD_IRQHandler
                0x201039bc                CAN3_RX1_IRQHandler
                0x201039bc                I3C_ER_IRQHandler
                0x201039bc                SDIO_IRQHandler
                0x201039bc                DMA2_Channel8_IRQHandler
                0x201039bc                CAN2_RX1_IRQHandler
                0x201039bc                HSEM_Handler
                0x201039bc                USBHS_IRQHandler
                0x201039bc                LPTIM2_IRQHandler
                0x201039bc                USBFSWakeup_IRQHandler
                0x201039bc                I2C3_ER_IRQHandler
                0x201039bc                USBFS_IRQHandler
                0x201039bc                USART8_IRQHandler
                0x201039bc                I2C2_EV_IRQHandler
                0x201039bc                CAN1_RX0_IRQHandler
                0x201039bc                CAN3_SCE_IRQHandler
                0x201039bc                CAN2_SCE_IRQHandler
                0x201039bc                ADC1_2_IRQHandler
                0x201039bc                Break_Point_Handler
                0x201039bc                IPC_CH0_Handler
                0x201039bc                SPI1_IRQHandler
                0x201039bc                USART5_IRQHandler
                0x201039bc                SysTick0_Handler
                0x201039bc                EXTI7_0_IRQHandler
                0x201039bc                CAN2_RX0_IRQHandler
                0x201039bc                Ecall_M_Mode_Handler
                0x201039bc                ECDC_IRQHandler
                0x201039bc                SDMMC_IRQHandler
                0x201039bc                USART7_IRQHandler
                0x201039bc                DMA2_Channel2_IRQHandler
                0x201039bc                DMA1_Channel4_IRQHandler
                0x201039bc                USART6_IRQHandler
                0x201039bc                CAN3_RX0_IRQHandler
                0x201039bc                HSADC_IRQHandler
                0x201039bc                USART3_IRQHandler
                0x201039bc                RTC_IRQHandler
                0x201039bc                DMA1_Channel7_IRQHandler
                0x201039bc                CAN1_RX1_IRQHandler
                0x201039bc                DVP_IRQHandler
                0x201039bc                USBSS_IRQHandler
                0x201039bc                SWPMI_IRQHandler
                0x201039bc                USBPDWakeUp_IRQHandler
                0x201039bc                EXTI15_8_IRQHandler
                0x201039bc                DMA2_Channel1_IRQHandler
                0x201039bc                SWPMI_WKUP_IRQHandler
                0x201039bc                I2C1_EV_IRQHandler
                0x201039bc                USBSSWakeup_IRQHandler
                0x201039bc                USART4_IRQHandler
                0x201039bc                DMA1_Channel6_IRQHandler
                0x201039bc                DMA2_Channel4_IRQHandler
                0x201039bc                RCC_IRQHandler
                0x201039bc                TIM1_TRG_COM_IRQHandler
                0x201039bc                DMA2_Channel7_IRQHandler
                0x201039bc                QSPI1_IRQHandler
                0x201039bc                DMA1_Channel8_IRQHandler
                0x201039bc                IPC_CH3_Handler
                0x201039bc                I3C_EV_IRQHandler
                0x201039bc                I3C_WKUP_IRQHandler
                0x201039bc                CAN2_TX_IRQHandler
                0x201039bc                I2C3_EV_IRQHandler
                0x201039bc                PIOC_IRQHandler
                0x201039bc                LTDC_IRQHandler
                0x201039bc                SAI_IRQHandler
                0x201039bc                ETH_WKUP_IRQHandler
                0x201039bc                SPI2_IRQHandler
                0x201039bc                IPC_CH1_Handler
                0x201039bc                LPTIM1_WKUP_IRQHandler
                0x201039bc                CAN1_TX_IRQHandler
                0x201039bc                DMA2_Channel5_IRQHandler
                0x201039bc                DMA1_Channel5_IRQHandler
                0x201039bc                QSPI2_IRQHandler
                0x201039bc                RNG_IRQHandler
                0x201039bc                DMA1_Channel3_IRQHandler
                0x201039bc                ETH_IRQHandler
                0x201039bc                WWDG_IRQHandler
                0x201039bc                USBHSWakeup_IRQHandler
                0x201039bc                Ecall_U_Mode_Handler
                0x201039bc                I2C4_EV_IRQHandler
                0x201039bc                CAN3_TX_IRQHandler
                0x201039bc                DMA2_Channel6_IRQHandler
                0x201039bc                SW_Handler
                0x201039bc                TIM1_BRK_IRQHandler
                0x201039bc                GPHA_IRQHandler
                0x201039bc                LPTIM2_WKUP_IRQHandler
                0x201039bc                RTCAlarm_IRQHandler
                0x201039bc                USART2_IRQHandler
                0x201039bc                UHSIF_IRQHandler
                0x201039bc                I2C2_ER_IRQHandler
                0x201039bc                DMA1_Channel2_IRQHandler
                0x201039bc                TIM8_BRK_IRQHandler
                0x201039bc                CAN1_SCE_IRQHandler
                0x201039bc                FLASH_IRQHandler
                0x201039bc                USART1_IRQHandler
                0x201039bc                SPI3_IRQHandler
                0x201039bc                I2C1_ER_IRQHandler
                0x201039bc                FMC_IRQHandler
                0x201039bc                SysTick1_Handler
                0x201039bc                LPTIM1_IRQHandler
                0x201039bc                DFSDM1_IRQHandler
                0x201039bc                I2C4_ER_IRQHandler
                0x201039bc                SERDES_IRQHandler
                0x201039bc                USBSS_LINK_IRQHandler
                0x201039bc                DMA2_Channel3_IRQHandler
 .text.SystemInit
                0x201039be      0x1e0 C:/Users/armstrongsubero/Desktop/Products/Rovari_Code_Examples/CH32_SPEECH/TTS_DEMO_DUO/system/build/system_ch32h417_d84b448b.o
                0x201039be                SystemInit
 .text.SystemAndCoreClockUpdate
                0x20103b9e      0x194 C:/Users/armstrongsubero/Desktop/Products/Rovari_Code_Examples/CH32_SPEECH/TTS_DEMO_DUO/system/build/system_ch32h417_d84b448b.o
                0x20103b9e                SystemAndCoreClockUpdate
 .text.Delay_Init
                0x20103d32       0x30 C:/Users/armstrongsubero/Desktop/Products/Rovari_Code_Examples/CH32_SPEECH/TTS_DEMO_DUO/system/build/debug_fb75bc4f.o
                0x20103d32                Delay_Init
 .text.Delay_Us
                0x20103d62       0x36 C:/Users/armstrongsubero/Desktop/Products/Rovari_Code_Examples/CH32_SPEECH/TTS_DEMO_DUO/system/build/debug_fb75bc4f.o
                0x20103d62                Delay_Us
 .text.Delay_Ms
                0x20103d98       0x36 C:/Users/armstrongsubero/Desktop/Products/Rovari_Code_Examples/CH32_SPEECH/TTS_DEMO_DUO/system/build/debug_fb75bc4f.o
                0x20103d98                Delay_Ms
 .text.USART_Printf_Init
                0x20103dce       0x9a C:/Users/armstrongsubero/Desktop/Products/Rovari_Code_Examples/CH32_SPEECH/TTS_DEMO_DUO/system/build/debug_fb75bc4f.o
                0x20103dce                USART_Printf_Init
 .text._write   0x20103e68       0x52 C:/Users/armstrongsubero/Desktop/Products/Rovari_Code_Examples/CH32_SPEECH/TTS_DEMO_DUO/system/build/debug_fb75bc4f.o
                0x20103e68                _write
 .text._sbrk    0x20103eba       0x30 C:/Users/armstrongsubero/Desktop/Products/Rovari_Code_Examples/CH32_SPEECH/TTS_DEMO_DUO/system/build/debug_fb75bc4f.o
                0x20103eba                _sbrk
 .text.GPIO_Init
                0x20103eea      0x10a C:/Users/armstrongsubero/Desktop/Products/Rovari_Code_Examples/CH32_SPEECH/TTS_DEMO_DUO/system/build/ch32h417_gpio_2abf4fc3.o
                0x20103eea                GPIO_Init
 .text.GPIO_PinAFConfig
                0x20103ff4      0x22a C:/Users/armstrongsubero/Desktop/Products/Rovari_Code_Examples/CH32_SPEECH/TTS_DEMO_DUO/system/build/ch32h417_gpio_2abf4fc3.o
                0x20103ff4                GPIO_PinAFConfig
 .text.GPIO_IPD_Unused
                0x2010421e      0x460 C:/Users/armstrongsubero/Desktop/Products/Rovari_Code_Examples/CH32_SPEECH/TTS_DEMO_DUO/system/build/ch32h417_gpio_2abf4fc3.o
                0x2010421e                GPIO_IPD_Unused
 .text.RCC_GetClocksFreq
                0x2010467e      0x1e0 C:/Users/armstrongsubero/Desktop/Products/Rovari_Code_Examples/CH32_SPEECH/TTS_DEMO_DUO/system/build/ch32h417_rcc_eb5498b3.o
                0x2010467e                RCC_GetClocksFreq
 .text.RCC_HBPeriphClockCmd
                0x2010485e       0x1e C:/Users/armstrongsubero/Desktop/Products/Rovari_Code_Examples/CH32_SPEECH/TTS_DEMO_DUO/system/build/ch32h417_rcc_eb5498b3.o
                0x2010485e                RCC_HBPeriphClockCmd
 .text.RCC_HB2PeriphClockCmd
                0x2010487c       0x1e C:/Users/armstrongsubero/Desktop/Products/Rovari_Code_Examples/CH32_SPEECH/TTS_DEMO_DUO/system/build/ch32h417_rcc_eb5498b3.o
                0x2010487c                RCC_HB2PeriphClockCmd
 .text.RCC_HB1PeriphClockCmd
                0x2010489a       0x1e C:/Users/armstrongsubero/Desktop/Products/Rovari_Code_Examples/CH32_SPEECH/TTS_DEMO_DUO/system/build/ch32h417_rcc_eb5498b3.o
                0x2010489a                RCC_HB1PeriphClockCmd
 .text.TIM_TimeBaseInit
                0x201048b8       0xc8 C:/Users/armstrongsubero/Desktop/Products/Rovari_Code_Examples/CH32_SPEECH/TTS_DEMO_DUO/system/build/ch32h417_tim_616135bf.o
                0x201048b8                TIM_TimeBaseInit
 .text.TIM_Cmd  0x20104980       0x1c C:/Users/armstrongsubero/Desktop/Products/Rovari_Code_Examples/CH32_SPEECH/TTS_DEMO_DUO/system/build/ch32h417_tim_616135bf.o
                0x20104980                TIM_Cmd
 .text.TIM_ITConfig
                0x2010499c       0x1a C:/Users/armstrongsubero/Desktop/Products/Rovari_Code_Examples/CH32_SPEECH/TTS_DEMO_DUO/system/build/ch32h417_tim_616135bf.o
                0x2010499c                TIM_ITConfig
 .text.TIM_GetCapture1
                0x201049b6        0x6 C:/Users/armstrongsubero/Desktop/Products/Rovari_Code_Examples/CH32_SPEECH/TTS_DEMO_DUO/system/build/ch32h417_tim_616135bf.o
                0x201049b6                TIM_GetCapture1
 .text.TIM_GetCapture2
                0x201049bc        0x6 C:/Users/armstrongsubero/Desktop/Products/Rovari_Code_Examples/CH32_SPEECH/TTS_DEMO_DUO/system/build/ch32h417_tim_616135bf.o
                0x201049bc                TIM_GetCapture2
 .text.TIM_GetITStatus
                0x201049c2       0x1a C:/Users/armstrongsubero/Desktop/Products/Rovari_Code_Examples/CH32_SPEECH/TTS_DEMO_DUO/system/build/ch32h417_tim_616135bf.o
                0x201049c2                TIM_GetITStatus
 .text.TIM_ClearITPendingBit
                0x201049dc        0xa C:/Users/armstrongsubero/Desktop/Products/Rovari_Code_Examples/CH32_SPEECH/TTS_DEMO_DUO/system/build/ch32h417_tim_616135bf.o
                0x201049dc                TIM_ClearITPendingBit
 .text.FLASH_BOOT_GetMode
                0x201049e6       0x3c C:/Users/armstrongsubero/Desktop/Products/Rovari_Code_Examples/CH32_SPEECH/TTS_DEMO_DUO/system/build/ch32h417_flash_b574222d.o
                0x201049e6                FLASH_BOOT_GetMode
 .text.FLASH_GetUserOptionByte
                0x20104a22        0xa C:/Users/armstrongsubero/Desktop/Products/Rovari_Code_Examples/CH32_SPEECH/TTS_DEMO_DUO/system/build/ch32h417_flash_b574222d.o
                0x20104a22                FLASH_GetUserOptionByte
 .text.FLASH_ROM_ERASE
                0x20104a2c      0x2f0 C:/Users/armstrongsubero/Desktop/Products/Rovari_Code_Examples/CH32_SPEECH/TTS_DEMO_DUO/system/build/ch32h417_flash_b574222d.o
                0x20104a2c                FLASH_ROM_ERASE
 .text.FLASH_ROM_WRITE
                0x20104d1c      0x106 C:/Users/armstrongsubero/Desktop/Products/Rovari_Code_Examples/CH32_SPEECH/TTS_DEMO_DUO/system/build/ch32h417_flash_b574222d.o
                0x20104d1c                FLASH_ROM_WRITE
 .text.startup.main
                0x20104e22       0x64 C:/Users/armstrongsubero/Desktop/Products/Rovari_Code_Examples/CH32_SPEECH/TTS_DEMO_DUO/system/build/rovari_main_6ea515ce.o
                0x20104e22                main
 .text.TIM7_IRQHandler
                0x20104e86       0xda C:/Users/armstrongsubero/Desktop/Products/Rovari_Code_Examples/CH32_SPEECH/TTS_DEMO_DUO/system/build/rovari_tick_e930fe48.o
                0x20104e86                TIM7_IRQHandler
 .text.rovari_tick_init
                0x20104f60       0x9e C:/Users/armstrongsubero/Desktop/Products/Rovari_Code_Examples/CH32_SPEECH/TTS_DEMO_DUO/system/build/rovari_tick_e930fe48.o
                0x20104f60                rovari_tick_init
 .text.millis   0x20104ffe        0xa C:/Users/armstrongsubero/Desktop/Products/Rovari_Code_Examples/CH32_SPEECH/TTS_DEMO_DUO/system/build/rovari_tick_e930fe48.o
                0x20104ffe                millis
 .text.USART_Init
                0x20105008       0xea C:/Users/armstrongsubero/Desktop/Products/Rovari_Code_Examples/CH32_SPEECH/TTS_DEMO_DUO/system/build/ch32h417_usart_001c4078.o
                0x20105008                USART_Init
 .text.USART_Cmd
                0x201050f2       0x1c C:/Users/armstrongsubero/Desktop/Products/Rovari_Code_Examples/CH32_SPEECH/TTS_DEMO_DUO/system/build/ch32h417_usart_001c4078.o
                0x201050f2                USART_Cmd
 .text.USART_SendData
                0x2010510e        0xa C:/Users/armstrongsubero/Desktop/Products/Rovari_Code_Examples/CH32_SPEECH/TTS_DEMO_DUO/system/build/ch32h417_usart_001c4078.o
                0x2010510e                USART_SendData
 .text.USART_ReceiveData
                0x20105118        0xa C:/Users/armstrongsubero/Desktop/Products/Rovari_Code_Examples/CH32_SPEECH/TTS_DEMO_DUO/system/build/ch32h417_usart_001c4078.o
                0x20105118                USART_ReceiveData
 .text.USART_GetFlagStatus
                0x20105122        0xc C:/Users/armstrongsubero/Desktop/Products/Rovari_Code_Examples/CH32_SPEECH/TTS_DEMO_DUO/system/build/ch32h417_usart_001c4078.o
                0x20105122                USART_GetFlagStatus
 .text.uart_init
                0x2010512e      0x134 C:/Users/armstrongsubero/Desktop/Products/Rovari_Code_Examples/CH32_SPEECH/TTS_DEMO_DUO/system/build/rovari_uart_b9179535.o
                0x2010512e                uart_init
 .text.uart_print
                0x20105262       0x68 C:/Users/armstrongsubero/Desktop/Products/Rovari_Code_Examples/CH32_SPEECH/TTS_DEMO_DUO/system/build/rovari_uart_b9179535.o
                0x20105262                uart_print
 .text.uart_available
                0x201052ca       0x58 C:/Users/armstrongsubero/Desktop/Products/Rovari_Code_Examples/CH32_SPEECH/TTS_DEMO_DUO/system/build/rovari_uart_b9179535.o
                0x201052ca                uart_available
 .text.uart_read_line
                0x20105322      0x170 C:/Users/armstrongsubero/Desktop/Products/Rovari_Code_Examples/CH32_SPEECH/TTS_DEMO_DUO/system/build/rovari_uart_b9179535.o
                0x20105322                uart_read_line
 .text.SPI_Init
                0x20105492       0x5c C:/Users/armstrongsubero/Desktop/Products/Rovari_Code_Examples/CH32_SPEECH/TTS_DEMO_DUO/system/build/ch32h417_spi_ba36e6a4.o
                0x20105492                SPI_Init
 .text.SPI_Cmd  0x201054ee       0x1e C:/Users/armstrongsubero/Desktop/Products/Rovari_Code_Examples/CH32_SPEECH/TTS_DEMO_DUO/system/build/ch32h417_spi_ba36e6a4.o
                0x201054ee                SPI_Cmd
 .text.SPI_I2S_SendData
                0x2010550c        0x6 C:/Users/armstrongsubero/Desktop/Products/Rovari_Code_Examples/CH32_SPEECH/TTS_DEMO_DUO/system/build/ch32h417_spi_ba36e6a4.o
                0x2010550c                SPI_I2S_SendData
 .text.SPI_I2S_ReceiveData
                0x20105512        0x6 C:/Users/armstrongsubero/Desktop/Products/Rovari_Code_Examples/CH32_SPEECH/TTS_DEMO_DUO/system/build/ch32h417_spi_ba36e6a4.o
                0x20105512                SPI_I2S_ReceiveData
 .text.SPI_I2S_GetFlagStatus
                0x20105518        0xc C:/Users/armstrongsubero/Desktop/Products/Rovari_Code_Examples/CH32_SPEECH/TTS_DEMO_DUO/system/build/ch32h417_spi_ba36e6a4.o
                0x20105518                SPI_I2S_GetFlagStatus
 .text.DAC_Init
                0x20105524       0x34 C:/Users/armstrongsubero/Desktop/Products/Rovari_Code_Examples/CH32_SPEECH/TTS_DEMO_DUO/system/build/ch32h417_dac_85d5e0e2.o
                0x20105524                DAC_Init
 .text.DAC_Cmd  0x20105558       0x24 C:/Users/armstrongsubero/Desktop/Products/Rovari_Code_Examples/CH32_SPEECH/TTS_DEMO_DUO/system/build/ch32h417_dac_85d5e0e2.o
                0x20105558                DAC_Cmd
 .text.DAC_SetChannel1Data
                0x2010557c       0x1e C:/Users/armstrongsubero/Desktop/Products/Rovari_Code_Examples/CH32_SPEECH/TTS_DEMO_DUO/system/build/ch32h417_dac_85d5e0e2.o
                0x2010557c                DAC_SetChannel1Data
 .text.DAC_SetChannel2Data
                0x2010559a       0x1e C:/Users/armstrongsubero/Desktop/Products/Rovari_Code_Examples/CH32_SPEECH/TTS_DEMO_DUO/system/build/ch32h417_dac_85d5e0e2.o
                0x2010559a                DAC_SetChannel2Data
 .text.dac_init
                0x201055b8      0x120 C:/Users/armstrongsubero/Desktop/Products/Rovari_Code_Examples/CH32_SPEECH/TTS_DEMO_DUO/system/build/rovari_dac_d85579ce.o
                0x201055b8                dac_init
 .text.dac_write
                0x201056d8       0x88 C:/Users/armstrongsubero/Desktop/Products/Rovari_Code_Examples/CH32_SPEECH/TTS_DEMO_DUO/system/build/rovari_dac_d85579ce.o
                0x201056d8                dac_write
 .text.timer_start
                0x20105760      0x112 C:/Users/armstrongsubero/Desktop/Products/Rovari_Code_Examples/CH32_SPEECH/TTS_DEMO_DUO/system/build/rovari_timer_78c19929.o
                0x20105760                timer_start
 .text.timer_stop
                0x20105872       0x62 C:/Users/armstrongsubero/Desktop/Products/Rovari_Code_Examples/CH32_SPEECH/TTS_DEMO_DUO/system/build/rovari_timer_78c19929.o
                0x20105872                timer_stop
 .text.TIM1_UP_IRQHandler
                0x201058d4       0xec C:/Users/armstrongsubero/Desktop/Products/Rovari_Code_Examples/CH32_SPEECH/TTS_DEMO_DUO/system/build/rovari_timer_78c19929.o
                0x201058d4                TIM1_UP_IRQHandler
 .text.TIM2_IRQHandler
                0x201059c0       0xe0 C:/Users/armstrongsubero/Desktop/Products/Rovari_Code_Examples/CH32_SPEECH/TTS_DEMO_DUO/system/build/rovari_timer_78c19929.o
                0x201059c0                TIM2_IRQHandler
 .text.TIM3_IRQHandler
                0x20105aa0       0xec C:/Users/armstrongsubero/Desktop/Products/Rovari_Code_Examples/CH32_SPEECH/TTS_DEMO_DUO/system/build/rovari_timer_78c19929.o
                0x20105aa0                TIM3_IRQHandler
 .text.TIM4_IRQHandler
                0x20105b8c       0xec C:/Users/armstrongsubero/Desktop/Products/Rovari_Code_Examples/CH32_SPEECH/TTS_DEMO_DUO/system/build/rovari_timer_78c19929.o
                0x20105b8c                TIM4_IRQHandler
 .text.TIM5_IRQHandler
                0x20105c78       0xec C:/Users/armstrongsubero/Desktop/Products/Rovari_Code_Examples/CH32_SPEECH/TTS_DEMO_DUO/system/build/rovari_timer_78c19929.o
                0x20105c78                TIM5_IRQHandler
 .text.TIM6_IRQHandler
                0x20105d64       0xe0 C:/Users/armstrongsubero/Desktop/Products/Rovari_Code_Examples/CH32_SPEECH/TTS_DEMO_DUO/system/build/rovari_timer_78c19929.o
                0x20105d64                TIM6_IRQHandler
 .text.TIM8_UP_IRQHandler
                0x20105e44       0xec C:/Users/armstrongsubero/Desktop/Products/Rovari_Code_Examples/CH32_SPEECH/TTS_DEMO_DUO/system/build/rovari_timer_78c19929.o
                0x20105e44                TIM8_UP_IRQHandler
 .text.TIM9_IRQHandler
                0x20105f30       0xec C:/Users/armstrongsubero/Desktop/Products/Rovari_Code_Examples/CH32_SPEECH/TTS_DEMO_DUO/system/build/rovari_timer_78c19929.o
                0x20105f30                TIM9_IRQHandler
 .text.TIM10_IRQHandler
                0x2010601c       0xe0 C:/Users/armstrongsubero/Desktop/Products/Rovari_Code_Examples/CH32_SPEECH/TTS_DEMO_DUO/system/build/rovari_timer_78c19929.o
                0x2010601c                TIM10_IRQHandler
 .text.TIM11_IRQHandler
                0x201060fc       0xec C:/Users/armstrongsubero/Desktop/Products/Rovari_Code_Examples/CH32_SPEECH/TTS_DEMO_DUO/system/build/rovari_timer_78c19929.o
                0x201060fc                TIM11_IRQHandler
 .text.TIM12_IRQHandler
                0x201061e8       0xec C:/Users/armstrongsubero/Desktop/Products/Rovari_Code_Examples/CH32_SPEECH/TTS_DEMO_DUO/system/build/rovari_timer_78c19929.o
                0x201061e8                TIM12_IRQHandler
 .text.capture_cc_isr
                0x201062d4       0xf4 C:/Users/armstrongsubero/Desktop/Products/Rovari_Code_Examples/CH32_SPEECH/TTS_DEMO_DUO/system/build/rovari_capture_812a327d.o
 .text.TIM1_CC_IRQHandler
                0x201063c8       0xb4 C:/Users/armstrongsubero/Desktop/Products/Rovari_Code_Examples/CH32_SPEECH/TTS_DEMO_DUO/system/build/rovari_capture_812a327d.o
                0x201063c8                TIM1_CC_IRQHandler
 .text.TIM8_CC_IRQHandler
                0x2010647c       0xb4 C:/Users/armstrongsubero/Desktop/Products/Rovari_Code_Examples/CH32_SPEECH/TTS_DEMO_DUO/system/build/rovari_capture_812a327d.o
                0x2010647c                TIM8_CC_IRQHandler
 .text.rovari_capture_dispatch
                0x20106530        0x8 C:/Users/armstrongsubero/Desktop/Products/Rovari_Code_Examples/CH32_SPEECH/TTS_DEMO_DUO/system/build/rovari_capture_812a327d.o
                0x20106530                rovari_capture_dispatch
 .text.DMA_Cmd  0x20106538       0x16 C:/Users/armstrongsubero/Desktop/Products/Rovari_Code_Examples/CH32_SPEECH/TTS_DEMO_DUO/system/build/ch32h417_dma_32b0c9c9.o
                0x20106538                DMA_Cmd
 .text.DMA_GetFlagStatus
                0x2010654e        0xc C:/Users/armstrongsubero/Desktop/Products/Rovari_Code_Examples/CH32_SPEECH/TTS_DEMO_DUO/system/build/ch32h417_dma_32b0c9c9.o
                0x2010654e                DMA_GetFlagStatus
 .text.DMA_ClearFlag
                0x2010655a        0x4 C:/Users/armstrongsubero/Desktop/Products/Rovari_Code_Examples/CH32_SPEECH/TTS_DEMO_DUO/system/build/ch32h417_dma_32b0c9c9.o
                0x2010655a                DMA_ClearFlag
 .text.DMA1_Channel1_IRQHandler
                0x2010655e      0x140 C:/Users/armstrongsubero/Desktop/Products/Rovari_Code_Examples/CH32_SPEECH/TTS_DEMO_DUO/system/build/rovari_dma_287e8fbc.o
                0x2010655e                DMA1_Channel1_IRQHandler
 .text.PWR_VIO18ModeCfg
                0x2010669e       0x14 C:/Users/armstrongsubero/Desktop/Products/Rovari_Code_Examples/CH32_SPEECH/TTS_DEMO_DUO/system/build/ch32h417_pwr_0ad61247.o
                0x2010669e                PWR_VIO18ModeCfg
 .text.PWR_VIO18LevelCfg
                0x201066b2       0x18 C:/Users/armstrongsubero/Desktop/Products/Rovari_Code_Examples/CH32_SPEECH/TTS_DEMO_DUO/system/build/ch32h417_pwr_0ad61247.o
                0x201066b2                PWR_VIO18LevelCfg
 .text.CRC_ResetDR
                0x201066ca        0xa C:/Users/armstrongsubero/Desktop/Products/Rovari_Code_Examples/CH32_SPEECH/TTS_DEMO_DUO/system/build/ch32h417_crc_03b3b755.o
                0x201066ca                CRC_ResetDR
 .text.CRC_CalcCRC
                0x201066d4        0xa C:/Users/armstrongsubero/Desktop/Products/Rovari_Code_Examples/CH32_SPEECH/TTS_DEMO_DUO/system/build/ch32h417_crc_03b3b755.o
                0x201066d4                CRC_CalcCRC
 .text.crc_init
                0x201066de        0xe C:/Users/armstrongsubero/Desktop/Products/Rovari_Code_Examples/CH32_SPEECH/TTS_DEMO_DUO/system/build/rovari_crc_4460bc77.o
                0x201066de                crc_init
 .text.crc_reset
                0x201066ec        0x8 C:/Users/armstrongsubero/Desktop/Products/Rovari_Code_Examples/CH32_SPEECH/TTS_DEMO_DUO/system/build/rovari_crc_4460bc77.o
                0x201066ec                crc_reset
 .text.crc_feed
                0x201066f4        0x8 C:/Users/armstrongsubero/Desktop/Products/Rovari_Code_Examples/CH32_SPEECH/TTS_DEMO_DUO/system/build/rovari_crc_4460bc77.o
                0x201066f4                crc_feed
 .text.crc_get  0x201066fc        0x8 C:/Users/armstrongsubero/Desktop/Products/Rovari_Code_Examples/CH32_SPEECH/TTS_DEMO_DUO/system/build/rovari_crc_4460bc77.o
                0x201066fc                crc_get
 .text.xfer_spi
                0x20106704       0x60 C:/Users/armstrongsubero/Desktop/Products/Rovari_Code_Examples/CH32_SPEECH/TTS_DEMO_DUO/system/build/rovari_sdcard_spi_7e951623.o
 .text.send_cmd_raw
                0x20106764      0x29c C:/Users/armstrongsubero/Desktop/Products/Rovari_Code_Examples/CH32_SPEECH/TTS_DEMO_DUO/system/build/rovari_sdcard_spi_7e951623.o
 .text.sd_disk_initialize
                0x20106a00      0x45c C:/Users/armstrongsubero/Desktop/Products/Rovari_Code_Examples/CH32_SPEECH/TTS_DEMO_DUO/system/build/rovari_sdcard_spi_7e951623.o
                0x20106a00                sd_disk_initialize
 .text.sd_disk_read
                0x20106e5c      0x1bc C:/Users/armstrongsubero/Desktop/Products/Rovari_Code_Examples/CH32_SPEECH/TTS_DEMO_DUO/system/build/rovari_sdcard_spi_7e951623.o
                0x20106e5c                sd_disk_read
 .text.sd_disk_write
                0x20107018      0x1fe C:/Users/armstrongsubero/Desktop/Products/Rovari_Code_Examples/CH32_SPEECH/TTS_DEMO_DUO/system/build/rovari_sdcard_spi_7e951623.o
                0x20107018                sd_disk_write
 .text.sd_init  0x20107216       0x6e C:/Users/armstrongsubero/Desktop/Products/Rovari_Code_Examples/CH32_SPEECH/TTS_DEMO_DUO/system/build/rovari_sdcard_spi_7e951623.o
                0x20107216                sd_init
 .text.sd_get_card_type
                0x20107284        0xa C:/Users/armstrongsubero/Desktop/Products/Rovari_Code_Examples/CH32_SPEECH/TTS_DEMO_DUO/system/build/rovari_sdcard_spi_7e951623.o
                0x20107284                sd_get_card_type
 .text.sd_is_mounted
                0x2010728e        0xa C:/Users/armstrongsubero/Desktop/Products/Rovari_Code_Examples/CH32_SPEECH/TTS_DEMO_DUO/system/build/rovari_sdcard_spi_7e951623.o
                0x2010728e                sd_is_mounted
 .text.sd_get_sector_count
                0x20107298      0x1e4 C:/Users/armstrongsubero/Desktop/Products/Rovari_Code_Examples/CH32_SPEECH/TTS_DEMO_DUO/system/build/rovari_sdcard_spi_7e951623.o
                0x20107298                sd_get_sector_count
 .text.disk_status
                0x2010747c       0x1c C:/Users/armstrongsubero/Desktop/Products/Rovari_Code_Examples/CH32_SPEECH/TTS_DEMO_DUO/system/build/rovari_diskio_spi_a20e7175.o
                0x2010747c                disk_status
 .text.disk_initialize
                0x20107498       0x3a C:/Users/armstrongsubero/Desktop/Products/Rovari_Code_Examples/CH32_SPEECH/TTS_DEMO_DUO/system/build/rovari_diskio_spi_a20e7175.o
                0x20107498                disk_initialize
 .text.disk_read
                0x201074d2       0x22 C:/Users/armstrongsubero/Desktop/Products/Rovari_Code_Examples/CH32_SPEECH/TTS_DEMO_DUO/system/build/rovari_diskio_spi_a20e7175.o
                0x201074d2                disk_read
 .text.disk_write
                0x201074f4       0x22 C:/Users/armstrongsubero/Desktop/Products/Rovari_Code_Examples/CH32_SPEECH/TTS_DEMO_DUO/system/build/rovari_diskio_spi_a20e7175.o
                0x201074f4                disk_write
 .text.disk_ioctl
                0x20107516       0x58 C:/Users/armstrongsubero/Desktop/Products/Rovari_Code_Examples/CH32_SPEECH/TTS_DEMO_DUO/system/build/rovari_diskio_spi_a20e7175.o
                0x20107516                disk_ioctl
 .text.get_fattime
                0x2010756e        0x6 C:/Users/armstrongsubero/Desktop/Products/Rovari_Code_Examples/CH32_SPEECH/TTS_DEMO_DUO/system/build/rovari_diskio_spi_a20e7175.o
                0x2010756e                get_fattime
 .text.get_ldnumber
                0x20107574       0x54 C:/Users/armstrongsubero/Desktop/Products/Rovari_Code_Examples/CH32_SPEECH/TTS_DEMO_DUO/system/build/ff_f2b7cc74.o
 .text.validate
                0x201075c8       0x60 C:/Users/armstrongsubero/Desktop/Products/Rovari_Code_Examples/CH32_SPEECH/TTS_DEMO_DUO/system/build/ff_f2b7cc74.o
 .text.sync_window
                0x20107628       0x76 C:/Users/armstrongsubero/Desktop/Products/Rovari_Code_Examples/CH32_SPEECH/TTS_DEMO_DUO/system/build/ff_f2b7cc74.o
 .text.dir_clear
                0x2010769e       0x82 C:/Users/armstrongsubero/Desktop/Products/Rovari_Code_Examples/CH32_SPEECH/TTS_DEMO_DUO/system/build/ff_f2b7cc74.o
 .text.sync_fs  0x20107720      0x14a C:/Users/armstrongsubero/Desktop/Products/Rovari_Code_Examples/CH32_SPEECH/TTS_DEMO_DUO/system/build/ff_f2b7cc74.o
 .text.move_window
                0x2010786a       0xaa C:/Users/armstrongsubero/Desktop/Products/Rovari_Code_Examples/CH32_SPEECH/TTS_DEMO_DUO/system/build/ff_f2b7cc74.o
 .text.put_fat.part.0
                0x20107914      0x198 C:/Users/armstrongsubero/Desktop/Products/Rovari_Code_Examples/CH32_SPEECH/TTS_DEMO_DUO/system/build/ff_f2b7cc74.o
 .text.get_fat.isra.0
                0x20107aac      0x128 C:/Users/armstrongsubero/Desktop/Products/Rovari_Code_Examples/CH32_SPEECH/TTS_DEMO_DUO/system/build/ff_f2b7cc74.o
 .text.remove_chain
                0x20107bd4       0xca C:/Users/armstrongsubero/Desktop/Products/Rovari_Code_Examples/CH32_SPEECH/TTS_DEMO_DUO/system/build/ff_f2b7cc74.o
 .text.create_chain
                0x20107c9e      0x174 C:/Users/armstrongsubero/Desktop/Products/Rovari_Code_Examples/CH32_SPEECH/TTS_DEMO_DUO/system/build/ff_f2b7cc74.o
 .text.dir_next
                0x20107e12      0x126 C:/Users/armstrongsubero/Desktop/Products/Rovari_Code_Examples/CH32_SPEECH/TTS_DEMO_DUO/system/build/ff_f2b7cc74.o
 .text.dir_sdi  0x20107f38       0xe6 C:/Users/armstrongsubero/Desktop/Products/Rovari_Code_Examples/CH32_SPEECH/TTS_DEMO_DUO/system/build/ff_f2b7cc74.o
 .text.dir_find
                0x2010801e      0x1f4 C:/Users/armstrongsubero/Desktop/Products/Rovari_Code_Examples/CH32_SPEECH/TTS_DEMO_DUO/system/build/ff_f2b7cc74.o
 .text.follow_path
                0x20108212      0x3f4 C:/Users/armstrongsubero/Desktop/Products/Rovari_Code_Examples/CH32_SPEECH/TTS_DEMO_DUO/system/build/ff_f2b7cc74.o
 .text.dir_register
                0x20108606      0x3ba C:/Users/armstrongsubero/Desktop/Products/Rovari_Code_Examples/CH32_SPEECH/TTS_DEMO_DUO/system/build/ff_f2b7cc74.o
 .text.check_fs
                0x201089c0      0x188 C:/Users/armstrongsubero/Desktop/Products/Rovari_Code_Examples/CH32_SPEECH/TTS_DEMO_DUO/system/build/ff_f2b7cc74.o
 .text.mount_volume
                0x20108b48      0x418 C:/Users/armstrongsubero/Desktop/Products/Rovari_Code_Examples/CH32_SPEECH/TTS_DEMO_DUO/system/build/ff_f2b7cc74.o
 .text.f_mount  0x20108f60       0x78 C:/Users/armstrongsubero/Desktop/Products/Rovari_Code_Examples/CH32_SPEECH/TTS_DEMO_DUO/system/build/ff_f2b7cc74.o
                0x20108f60                f_mount
 .text.f_open   0x20108fd8      0x2da C:/Users/armstrongsubero/Desktop/Products/Rovari_Code_Examples/CH32_SPEECH/TTS_DEMO_DUO/system/build/ff_f2b7cc74.o
                0x20108fd8                f_open
 .text.f_read   0x201092b2      0x1d8 C:/Users/armstrongsubero/Desktop/Products/Rovari_Code_Examples/CH32_SPEECH/TTS_DEMO_DUO/system/build/ff_f2b7cc74.o
                0x201092b2                f_read
 .text.f_write  0x2010948a      0x230 C:/Users/armstrongsubero/Desktop/Products/Rovari_Code_Examples/CH32_SPEECH/TTS_DEMO_DUO/system/build/ff_f2b7cc74.o
                0x2010948a                f_write
 .text.f_sync   0x201096ba      0x132 C:/Users/armstrongsubero/Desktop/Products/Rovari_Code_Examples/CH32_SPEECH/TTS_DEMO_DUO/system/build/ff_f2b7cc74.o
                0x201096ba                f_sync
 .text.f_close  0x201097ec       0x48 C:/Users/armstrongsubero/Desktop/Products/Rovari_Code_Examples/CH32_SPEECH/TTS_DEMO_DUO/system/build/ff_f2b7cc74.o
                0x201097ec                f_close
 .text.f_lseek  0x20109834      0x1c2 C:/Users/armstrongsubero/Desktop/Products/Rovari_Code_Examples/CH32_SPEECH/TTS_DEMO_DUO/system/build/ff_f2b7cc74.o
                0x20109834                f_lseek
 .text.ff_uni2oem
                0x201099f6       0x52 C:/Users/armstrongsubero/Desktop/Products/Rovari_Code_Examples/CH32_SPEECH/TTS_DEMO_DUO/system/build/ffunicode_39709b4c.o
                0x201099f6                ff_uni2oem
 .text.ff_oem2uni
                0x20109a48       0x2a C:/Users/armstrongsubero/Desktop/Products/Rovari_Code_Examples/CH32_SPEECH/TTS_DEMO_DUO/system/build/ffunicode_39709b4c.o
                0x20109a48                ff_oem2uni
 .text.ff_wtoupper
                0x20109a72       0xf0 C:/Users/armstrongsubero/Desktop/Products/Rovari_Code_Examples/CH32_SPEECH/TTS_DEMO_DUO/system/build/ffunicode_39709b4c.o
                0x20109a72                ff_wtoupper
 .text.__udivdi3
                0x20109b62      0x36e C:/Users/armstrongsubero/Desktop/Products/02_Rovari_Studio/Rovari_System_Studio/toolchain/bin/../lib/gcc/riscv-none-elf/15.2.0/rv32imafc_zicsr_zaamo_zalrsc/ilp32f\libgcc.a(_udivdi3.o)
                0x20109b62                __udivdi3
 .text.printf   0x20109ed0       0x2a C:/Users/armstrongsubero/Desktop/Products/02_Rovari_Studio/Rovari_System_Studio/toolchain/bin/../lib/gcc/riscv-none-elf/15.2.0/../../../../riscv-none-elf/lib/rv32imafc_zicsr_zaamo_zalrsc/ilp32f\libc_nano.a(libc_a-printf.o)
                0x20109ed0                iprintf
                0x20109ed0                printf
 .text._puts_r  0x20109efa       0xc8 C:/Users/armstrongsubero/Desktop/Products/02_Rovari_Studio/Rovari_System_Studio/toolchain/bin/../lib/gcc/riscv-none-elf/15.2.0/../../../../riscv-none-elf/lib/rv32imafc_zicsr_zaamo_zalrsc/ilp32f\libc_nano.a(libc_a-puts.o)
                0x20109efa                _puts_r
 .text.puts     0x20109fc2        0x8 C:/Users/armstrongsubero/Desktop/Products/02_Rovari_Studio/Rovari_System_Studio/toolchain/bin/../lib/gcc/riscv-none-elf/15.2.0/../../../../riscv-none-elf/lib/rv32imafc_zicsr_zaamo_zalrsc/ilp32f\libc_nano.a(libc_a-puts.o)
                0x20109fc2                puts
 .text.vprintf  0x20109fca        0xe C:/Users/armstrongsubero/Desktop/Products/02_Rovari_Studio/Rovari_System_Studio/toolchain/bin/../lib/gcc/riscv-none-elf/15.2.0/../../../../riscv-none-elf/lib/rv32imafc_zicsr_zaamo_zalrsc/ilp32f\libc_nano.a(libc_a-vprintf.o)
                0x20109fca                viprintf
                0x20109fca                vprintf
 .text._vsnprintf_r
                0x20109fd8       0x58 C:/Users/armstrongsubero/Desktop/Products/02_Rovari_Studio/Rovari_System_Studio/toolchain/bin/../lib/gcc/riscv-none-elf/15.2.0/../../../../riscv-none-elf/lib/rv32imafc_zicsr_zaamo_zalrsc/ilp32f\libc_nano.a(libc_a-vsnprintf.o)
                0x20109fd8                _vsniprintf_r
                0x20109fd8                _vsnprintf_r
 .text.vsnprintf
                0x2010a030        0xe C:/Users/armstrongsubero/Desktop/Products/02_Rovari_Studio/Rovari_System_Studio/toolchain/bin/../lib/gcc/riscv-none-elf/15.2.0/../../../../riscv-none-elf/lib/rv32imafc_zicsr_zaamo_zalrsc/ilp32f\libc_nano.a(libc_a-vsnprintf.o)
                0x2010a030                vsniprintf
                0x2010a030                vsnprintf
 .text.__swbuf_r
                0x2010a03e       0x94 C:/Users/armstrongsubero/Desktop/Products/02_Rovari_Studio/Rovari_System_Studio/toolchain/bin/../lib/gcc/riscv-none-elf/15.2.0/../../../../riscv-none-elf/lib/rv32imafc_zicsr_zaamo_zalrsc/ilp32f\libc_nano.a(libc_a-wbuf.o)
                0x2010a03e                __swbuf_r
 .text.__swsetup_r
                0x2010a0d2       0xc0 C:/Users/armstrongsubero/Desktop/Products/02_Rovari_Studio/Rovari_System_Studio/toolchain/bin/../lib/gcc/riscv-none-elf/15.2.0/../../../../riscv-none-elf/lib/rv32imafc_zicsr_zaamo_zalrsc/ilp32f\libc_nano.a(libc_a-wsetup.o)
                0x2010a0d2                __swsetup_r
 .text.memcmp   0x2010a192       0x26 C:/Users/armstrongsubero/Desktop/Products/02_Rovari_Studio/Rovari_System_Studio/toolchain/bin/../lib/gcc/riscv-none-elf/15.2.0/../../../../riscv-none-elf/lib/rv32imafc_zicsr_zaamo_zalrsc/ilp32f\libc_nano.a(libc_a-memcmp.o)
                0x2010a192                memcmp
 .text.strchr   0x2010a1b8       0x20 C:/Users/armstrongsubero/Desktop/Products/02_Rovari_Studio/Rovari_System_Studio/toolchain/bin/../lib/gcc/riscv-none-elf/15.2.0/../../../../riscv-none-elf/lib/rv32imafc_zicsr_zaamo_zalrsc/ilp32f\libc_nano.a(libc_a-strchr.o)
                0x2010a1b8                strchr
 .text.__libc_init_array
                0x2010a1d8       0x5e C:/Users/armstrongsubero/Desktop/Products/02_Rovari_Studio/Rovari_System_Studio/toolchain/bin/../lib/gcc/riscv-none-elf/15.2.0/../../../../riscv-none-elf/lib/rv32imafc_zicsr_zaamo_zalrsc/ilp32f\libc_nano.a(libc_a-init.o)
                0x2010a1d8                __libc_init_array
 .text.__retarget_lock_init_recursive
                0x2010a236        0x2 C:/Users/armstrongsubero/Desktop/Products/02_Rovari_Studio/Rovari_System_Studio/toolchain/bin/../lib/gcc/riscv-none-elf/15.2.0/../../../../riscv-none-elf/lib/rv32imafc_zicsr_zaamo_zalrsc/ilp32f\libc_nano.a(libc_a-lock.o)
                0x2010a236                __retarget_lock_init_recursive
 .text.__retarget_lock_acquire_recursive
                0x2010a238        0x2 C:/Users/armstrongsubero/Desktop/Products/02_Rovari_Studio/Rovari_System_Studio/toolchain/bin/../lib/gcc/riscv-none-elf/15.2.0/../../../../riscv-none-elf/lib/rv32imafc_zicsr_zaamo_zalrsc/ilp32f\libc_nano.a(libc_a-lock.o)
                0x2010a238                __retarget_lock_acquire_recursive
 .text.__retarget_lock_release_recursive
                0x2010a23a        0x2 C:/Users/armstrongsubero/Desktop/Products/02_Rovari_Studio/Rovari_System_Studio/toolchain/bin/../lib/gcc/riscv-none-elf/15.2.0/../../../../riscv-none-elf/lib/rv32imafc_zicsr_zaamo_zalrsc/ilp32f\libc_nano.a(libc_a-lock.o)
                0x2010a23a                __retarget_lock_release_recursive
 .text._free_r  0x2010a23c       0x9e C:/Users/armstrongsubero/Desktop/Products/02_Rovari_Studio/Rovari_System_Studio/toolchain/bin/../lib/gcc/riscv-none-elf/15.2.0/../../../../riscv-none-elf/lib/rv32imafc_zicsr_zaamo_zalrsc/ilp32f\libc_nano.a(libc_a-freer.o)
                0x2010a23c                _free_r
 .text.sbrk_aligned
                0x2010a2da       0x56 C:/Users/armstrongsubero/Desktop/Products/02_Rovari_Studio/Rovari_System_Studio/toolchain/bin/../lib/gcc/riscv-none-elf/15.2.0/../../../../riscv-none-elf/lib/rv32imafc_zicsr_zaamo_zalrsc/ilp32f\libc_nano.a(libc_a-mallocr.o)
 .text._malloc_r
                0x2010a330      0x118 C:/Users/armstrongsubero/Desktop/Products/02_Rovari_Studio/Rovari_System_Studio/toolchain/bin/../lib/gcc/riscv-none-elf/15.2.0/../../../../riscv-none-elf/lib/rv32imafc_zicsr_zaamo_zalrsc/ilp32f\libc_nano.a(libc_a-mallocr.o)
                0x2010a330                _malloc_r
 .text.__malloc_lock
                0x2010a448        0x6 C:/Users/armstrongsubero/Desktop/Products/02_Rovari_Studio/Rovari_System_Studio/toolchain/bin/../lib/gcc/riscv-none-elf/15.2.0/../../../../riscv-none-elf/lib/rv32imafc_zicsr_zaamo_zalrsc/ilp32f\libc_nano.a(libc_a-mlock.o)
                0x2010a448                __malloc_lock
 .text.__malloc_unlock
                0x2010a44e        0x6 C:/Users/armstrongsubero/Desktop/Products/02_Rovari_Studio/Rovari_System_Studio/toolchain/bin/../lib/gcc/riscv-none-elf/15.2.0/../../../../riscv-none-elf/lib/rv32imafc_zicsr_zaamo_zalrsc/ilp32f\libc_nano.a(libc_a-mlock.o)
                0x2010a44e                __malloc_unlock
 .text.__ssputs_r
                0x2010a454       0xee C:/Users/armstrongsubero/Desktop/Products/02_Rovari_Studio/Rovari_System_Studio/toolchain/bin/../lib/gcc/riscv-none-elf/15.2.0/../../../../riscv-none-elf/lib/rv32imafc_zicsr_zaamo_zalrsc/ilp32f\libc_nano.a(libc_a-nano-svfprintf.o)
                0x2010a454                __ssputs_r
 .text._svfprintf_r
                0x2010a542      0x26e C:/Users/armstrongsubero/Desktop/Products/02_Rovari_Studio/Rovari_System_Studio/toolchain/bin/../lib/gcc/riscv-none-elf/15.2.0/../../../../riscv-none-elf/lib/rv32imafc_zicsr_zaamo_zalrsc/ilp32f\libc_nano.a(libc_a-nano-svfprintf.o)
                0x2010a542                _svfiprintf_r
                0x2010a542                _svfprintf_r
 .text.__sfputc_r
                0x2010a7b0       0x2a C:/Users/armstrongsubero/Desktop/Products/02_Rovari_Studio/Rovari_System_Studio/toolchain/bin/../lib/gcc/riscv-none-elf/15.2.0/../../../../riscv-none-elf/lib/rv32imafc_zicsr_zaamo_zalrsc/ilp32f\libc_nano.a(libc_a-nano-vfprintf.o)
 .text.__sfputs_r
                0x2010a7da       0x42 C:/Users/armstrongsubero/Desktop/Products/02_Rovari_Studio/Rovari_System_Studio/toolchain/bin/../lib/gcc/riscv-none-elf/15.2.0/../../../../riscv-none-elf/lib/rv32imafc_zicsr_zaamo_zalrsc/ilp32f\libc_nano.a(libc_a-nano-vfprintf.o)
                0x2010a7da                __sfputs_r
 .text._vfprintf_r
                0x2010a81c      0x2aa C:/Users/armstrongsubero/Desktop/Products/02_Rovari_Studio/Rovari_System_Studio/toolchain/bin/../lib/gcc/riscv-none-elf/15.2.0/../../../../riscv-none-elf/lib/rv32imafc_zicsr_zaamo_zalrsc/ilp32f\libc_nano.a(libc_a-nano-vfprintf.o)
                0x2010a81c                _vfprintf_r
                0x2010a81c                _vfiprintf_r
 .text._printf_common
                0x2010aac6      0x112 C:/Users/armstrongsubero/Desktop/Products/02_Rovari_Studio/Rovari_System_Studio/toolchain/bin/../lib/gcc/riscv-none-elf/15.2.0/../../../../riscv-none-elf/lib/rv32imafc_zicsr_zaamo_zalrsc/ilp32f\libc_nano.a(libc_a-nano-vfprintf_i.o)
                0x2010aac6                _printf_common
 .text._printf_i
                0x2010abd8      0x266 C:/Users/armstrongsubero/Desktop/Products/02_Rovari_Studio/Rovari_System_Studio/toolchain/bin/../lib/gcc/riscv-none-elf/15.2.0/../../../../riscv-none-elf/lib/rv32imafc_zicsr_zaamo_zalrsc/ilp32f\libc_nano.a(libc_a-nano-vfprintf_i.o)
                0x2010abd8                _printf_i
 .text.__sflush_r
                0x2010ae3e      0x126 C:/Users/armstrongsubero/Desktop/Products/02_Rovari_Studio/Rovari_System_Studio/toolchain/bin/../lib/gcc/riscv-none-elf/15.2.0/../../../../riscv-none-elf/lib/rv32imafc_zicsr_zaamo_zalrsc/ilp32f\libc_nano.a(libc_a-fflush.o)
                0x2010ae3e                __sflush_r
 .text._fflush_r
                0x2010af64       0x5e C:/Users/armstrongsubero/Desktop/Products/02_Rovari_Studio/Rovari_System_Studio/toolchain/bin/../lib/gcc/riscv-none-elf/15.2.0/../../../../riscv-none-elf/lib/rv32imafc_zicsr_zaamo_zalrsc/ilp32f\libc_nano.a(libc_a-fflush.o)
                0x2010af64                _fflush_r
 .text.std      0x2010afc2       0xa8 C:/Users/armstrongsubero/Desktop/Products/02_Rovari_Studio/Rovari_System_Studio/toolchain/bin/../lib/gcc/riscv-none-elf/15.2.0/../../../../riscv-none-elf/lib/rv32imafc_zicsr_zaamo_zalrsc/ilp32f\libc_nano.a(libc_a-findfp.o)
 .text.stdio_exit_handler
                0x2010b06a       0x1a C:/Users/armstrongsubero/Desktop/Products/02_Rovari_Studio/Rovari_System_Studio/toolchain/bin/../lib/gcc/riscv-none-elf/15.2.0/../../../../riscv-none-elf/lib/rv32imafc_zicsr_zaamo_zalrsc/ilp32f\libc_nano.a(libc_a-findfp.o)
 .text.cleanup_stdio
                0x2010b084       0x4a C:/Users/armstrongsubero/Desktop/Products/02_Rovari_Studio/Rovari_System_Studio/toolchain/bin/../lib/gcc/riscv-none-elf/15.2.0/../../../../riscv-none-elf/lib/rv32imafc_zicsr_zaamo_zalrsc/ilp32f\libc_nano.a(libc_a-findfp.o)
 .text.global_stdio_init.part.0
                0x2010b0ce       0x3e C:/Users/armstrongsubero/Desktop/Products/02_Rovari_Studio/Rovari_System_Studio/toolchain/bin/../lib/gcc/riscv-none-elf/15.2.0/../../../../riscv-none-elf/lib/rv32imafc_zicsr_zaamo_zalrsc/ilp32f\libc_nano.a(libc_a-findfp.o)
 .text.__sfp_lock_acquire
                0x2010b10c        0x8 C:/Users/armstrongsubero/Desktop/Products/02_Rovari_Studio/Rovari_System_Studio/toolchain/bin/../lib/gcc/riscv-none-elf/15.2.0/../../../../riscv-none-elf/lib/rv32imafc_zicsr_zaamo_zalrsc/ilp32f\libc_nano.a(libc_a-findfp.o)
                0x2010b10c                __sfp_lock_acquire
 .text.__sfp_lock_release
                0x2010b114        0x8 C:/Users/armstrongsubero/Desktop/Products/02_Rovari_Studio/Rovari_System_Studio/toolchain/bin/../lib/gcc/riscv-none-elf/15.2.0/../../../../riscv-none-elf/lib/rv32imafc_zicsr_zaamo_zalrsc/ilp32f\libc_nano.a(libc_a-findfp.o)
                0x2010b114                __sfp_lock_release
 .text.__sinit  0x2010b11c       0x28 C:/Users/armstrongsubero/Desktop/Products/02_Rovari_Studio/Rovari_System_Studio/toolchain/bin/../lib/gcc/riscv-none-elf/15.2.0/../../../../riscv-none-elf/lib/rv32imafc_zicsr_zaamo_zalrsc/ilp32f\libc_nano.a(libc_a-findfp.o)
                0x2010b11c                __sinit
 .text._fwalk_sglue
                0x2010b144       0x60 C:/Users/armstrongsubero/Desktop/Products/02_Rovari_Studio/Rovari_System_Studio/toolchain/bin/../lib/gcc/riscv-none-elf/15.2.0/../../../../riscv-none-elf/lib/rv32imafc_zicsr_zaamo_zalrsc/ilp32f\libc_nano.a(libc_a-fwalk.o)
                0x2010b144                _fwalk_sglue
 .text.__swhatbuf_r
                0x2010b1a4       0x56 C:/Users/armstrongsubero/Desktop/Products/02_Rovari_Studio/Rovari_System_Studio/toolchain/bin/../lib/gcc/riscv-none-elf/15.2.0/../../../../riscv-none-elf/lib/rv32imafc_zicsr_zaamo_zalrsc/ilp32f\libc_nano.a(libc_a-makebuf.o)
                0x2010b1a4                __swhatbuf_r
 .text.__smakebuf_r
                0x2010b1fa       0x80 C:/Users/armstrongsubero/Desktop/Products/02_Rovari_Studio/Rovari_System_Studio/toolchain/bin/../lib/gcc/riscv-none-elf/15.2.0/../../../../riscv-none-elf/lib/rv32imafc_zicsr_zaamo_zalrsc/ilp32f\libc_nano.a(libc_a-makebuf.o)
                0x2010b1fa                __smakebuf_r
 .text.__sread  0x2010b27a       0x30 C:/Users/armstrongsubero/Desktop/Products/02_Rovari_Studio/Rovari_System_Studio/toolchain/bin/../lib/gcc/riscv-none-elf/15.2.0/../../../../riscv-none-elf/lib/rv32imafc_zicsr_zaamo_zalrsc/ilp32f\libc_nano.a(libc_a-stdio.o)
                0x2010b27a                __sread
 .text.__swrite
                0x2010b2aa       0x4e C:/Users/armstrongsubero/Desktop/Products/02_Rovari_Studio/Rovari_System_Studio/toolchain/bin/../lib/gcc/riscv-none-elf/15.2.0/../../../../riscv-none-elf/lib/rv32imafc_zicsr_zaamo_zalrsc/ilp32f\libc_nano.a(libc_a-stdio.o)
                0x2010b2aa                __swrite
 .text.__sseek  0x2010b2f8       0x3a C:/Users/armstrongsubero/Desktop/Products/02_Rovari_Studio/Rovari_System_Studio/toolchain/bin/../lib/gcc/riscv-none-elf/15.2.0/../../../../riscv-none-elf/lib/rv32imafc_zicsr_zaamo_zalrsc/ilp32f\libc_nano.a(libc_a-stdio.o)
                0x2010b2f8                __sseek
 .text.__sclose
                0x2010b332        0x6 C:/Users/armstrongsubero/Desktop/Products/02_Rovari_Studio/Rovari_System_Studio/toolchain/bin/../lib/gcc/riscv-none-elf/15.2.0/../../../../riscv-none-elf/lib/rv32imafc_zicsr_zaamo_zalrsc/ilp32f\libc_nano.a(libc_a-stdio.o)
                0x2010b332                __sclose
 .text.memchr   0x2010b338       0x1a C:/Users/armstrongsubero/Desktop/Products/02_Rovari_Studio/Rovari_System_Studio/toolchain/bin/../lib/gcc/riscv-none-elf/15.2.0/../../../../riscv-none-elf/lib/rv32imafc_zicsr_zaamo_zalrsc/ilp32f\libc_nano.a(libc_a-memchr.o)
                0x2010b338                memchr
 .text._close_r
                0x2010b352       0x26 C:/Users/armstrongsubero/Desktop/Products/02_Rovari_Studio/Rovari_System_Studio/toolchain/bin/../lib/gcc/riscv-none-elf/15.2.0/../../../../riscv-none-elf/lib/rv32imafc_zicsr_zaamo_zalrsc/ilp32f\libc_nano.a(libc_a-closer.o)
                0x2010b352                _close_r
 .text._fstat_r
                0x2010b378       0x28 C:/Users/armstrongsubero/Desktop/Products/02_Rovari_Studio/Rovari_System_Studio/toolchain/bin/../lib/gcc/riscv-none-elf/15.2.0/../../../../riscv-none-elf/lib/rv32imafc_zicsr_zaamo_zalrsc/ilp32f\libc_nano.a(libc_a-fstatr.o)
                0x2010b378                _fstat_r
 .text._isatty_r
                0x2010b3a0       0x26 C:/Users/armstrongsubero/Desktop/Products/02_Rovari_Studio/Rovari_System_Studio/toolchain/bin/../lib/gcc/riscv-none-elf/15.2.0/../../../../riscv-none-elf/lib/rv32imafc_zicsr_zaamo_zalrsc/ilp32f\libc_nano.a(libc_a-isattyr.o)
                0x2010b3a0                _isatty_r
 .text._lseek_r
                0x2010b3c6       0x2a C:/Users/armstrongsubero/Desktop/Products/02_Rovari_Studio/Rovari_System_Studio/toolchain/bin/../lib/gcc/riscv-none-elf/15.2.0/../../../../riscv-none-elf/lib/rv32imafc_zicsr_zaamo_zalrsc/ilp32f\libc_nano.a(libc_a-lseekr.o)
                0x2010b3c6                _lseek_r
 .text._read_r  0x2010b3f0       0x2a C:/Users/armstrongsubero/Desktop/Products/02_Rovari_Studio/Rovari_System_Studio/toolchain/bin/../lib/gcc/riscv-none-elf/15.2.0/../../../../riscv-none-elf/lib/rv32imafc_zicsr_zaamo_zalrsc/ilp32f\libc_nano.a(libc_a-readr.o)
                0x2010b3f0                _read_r
 .text._sbrk_r  0x2010b41a       0x28 C:/Users/armstrongsubero/Desktop/Products/02_Rovari_Studio/Rovari_System_Studio/toolchain/bin/../lib/gcc/riscv-none-elf/15.2.0/../../../../riscv-none-elf/lib/rv32imafc_zicsr_zaamo_zalrsc/ilp32f\libc_nano.a(libc_a-sbrkr.o)
                0x2010b41a                _sbrk_r
 .text._write_r
                0x2010b442       0x2c C:/Users/armstrongsubero/Desktop/Products/02_Rovari_Studio/Rovari_System_Studio/toolchain/bin/../lib/gcc/riscv-none-elf/15.2.0/../../../../riscv-none-elf/lib/rv32imafc_zicsr_zaamo_zalrsc/ilp32f\libc_nano.a(libc_a-writer.o)
                0x2010b442                _write_r
 .text._realloc_r
                0x2010b46e       0x70 C:/Users/armstrongsubero/Desktop/Products/02_Rovari_Studio/Rovari_System_Studio/toolchain/bin/../lib/gcc/riscv-none-elf/15.2.0/../../../../riscv-none-elf/lib/rv32imafc_zicsr_zaamo_zalrsc/ilp32f\libc_nano.a(libc_a-reallocr.o)
                0x2010b46e                _realloc_r
 .text._malloc_usable_size_r
                0x2010b4de       0x14 C:/Users/armstrongsubero/Desktop/Products/02_Rovari_Studio/Rovari_System_Studio/toolchain/bin/../lib/gcc/riscv-none-elf/15.2.0/../../../../riscv-none-elf/lib/rv32imafc_zicsr_zaamo_zalrsc/ilp32f\libc_nano.a(libc_a-msizer.o)
                0x2010b4de                _malloc_usable_size_r
 .text._close   0x2010b4f2        0xc C:/Users/armstrongsubero/Desktop/Products/02_Rovari_Studio/Rovari_System_Studio/toolchain/bin/../lib/gcc/riscv-none-elf/15.2.0/../../../../riscv-none-elf/lib/rv32imafc_zicsr_zaamo_zalrsc/ilp32f\libnosys.a(close.o)
                0x2010b4f2                _close
 .text._fstat   0x2010b4fe        0xc C:/Users/armstrongsubero/Desktop/Products/02_Rovari_Studio/Rovari_System_Studio/toolchain/bin/../lib/gcc/riscv-none-elf/15.2.0/../../../../riscv-none-elf/lib/rv32imafc_zicsr_zaamo_zalrsc/ilp32f\libnosys.a(fstat.o)
                0x2010b4fe                _fstat
 .text._isatty  0x2010b50a        0xc C:/Users/armstrongsubero/Desktop/Products/02_Rovari_Studio/Rovari_System_Studio/toolchain/bin/../lib/gcc/riscv-none-elf/15.2.0/../../../../riscv-none-elf/lib/rv32imafc_zicsr_zaamo_zalrsc/ilp32f\libnosys.a(isatty.o)
                0x2010b50a                _isatty
 .text._lseek   0x2010b516        0xc C:/Users/armstrongsubero/Desktop/Products/02_Rovari_Studio/Rovari_System_Studio/toolchain/bin/../lib/gcc/riscv-none-elf/15.2.0/../../../../riscv-none-elf/lib/rv32imafc_zicsr_zaamo_zalrsc/ilp32f\libnosys.a(lseek.o)
                0x2010b516                _lseek
 .text._read    0x2010b522        0xc C:/Users/armstrongsubero/Desktop/Products/02_Rovari_Studio/Rovari_System_Studio/toolchain/bin/../lib/gcc/riscv-none-elf/15.2.0/../../../../riscv-none-elf/lib/rv32imafc_zicsr_zaamo_zalrsc/ilp32f\libnosys.a(read.o)
                0x2010b522                _read
 *(.rodata)
 *(.rodata*)
 *fill*         0x2010b52e        0x2 
 .rodata._ZL11v5f_commandmm.str1.4
                0x2010b530      0xa85 C:/Users/armstrongsubero/Desktop/Products/Rovari_Code_Examples/CH32_SPEECH/TTS_DEMO_DUO/system/build/app_2f2517d3.o
                                 0x27 (size before relaxing)
 .rodata._ZL8play_pcmm.str1.4
                0x2010bfb5        0x0 C:/Users/armstrongsubero/Desktop/Products/Rovari_Code_Examples/CH32_SPEECH/TTS_DEMO_DUO/system/build/app_2f2517d3.o
                                 0x23 (size before relaxing)
 .rodata._ZL9write_wavPKsm.constprop.0.str1.4
                0x2010bfb5        0x0 C:/Users/armstrongsubero/Desktop/Products/Rovari_Code_Examples/CH32_SPEECH/TTS_DEMO_DUO/system/build/app_2f2517d3.o
                                 0x6e (size before relaxing)
 .rodata._ZL5speakPKc.str1.4
                0x2010bfb5        0x0 C:/Users/armstrongsubero/Desktop/Products/Rovari_Code_Examples/CH32_SPEECH/TTS_DEMO_DUO/system/build/app_2f2517d3.o
                                0x132 (size before relaxing)
 .rodata.app_init.str1.4
                0x2010bfb5        0x0 C:/Users/armstrongsubero/Desktop/Products/Rovari_Code_Examples/CH32_SPEECH/TTS_DEMO_DUO/system/build/app_2f2517d3.o
                                0x23f (size before relaxing)
 .rodata.str1.4
                0x2010bfb5        0x0 C:/Users/armstrongsubero/Desktop/Products/Rovari_Code_Examples/CH32_SPEECH/TTS_DEMO_DUO/system/build/app_2f2517d3.o
                                 0x61 (size before relaxing)
 *fill*         0x2010bfb5        0x3 
 .rodata.CSWTCH.63
                0x2010bfb8       0x18 C:/Users/armstrongsubero/Desktop/Products/Rovari_Code_Examples/CH32_SPEECH/TTS_DEMO_DUO/system/build/app_2f2517d3.o
 .rodata.add_contraction_or_word.str1.4
                0x2010bfd0        0x0 C:/Users/armstrongsubero/Desktop/Products/Rovari_Code_Examples/CH32_SPEECH/TTS_DEMO_DUO/system/build/textnorm_c1951132.o
                                 0xbf (size before relaxing)
 .rodata.normalize_and_tokenize.str1.4
                0x2010bfd0        0x0 C:/Users/armstrongsubero/Desktop/Products/Rovari_Code_Examples/CH32_SPEECH/TTS_DEMO_DUO/system/build/textnorm_c1951132.o
                                 0x1f (size before relaxing)
 .rodata.normalize_and_tokenize
                0x2010bfd0       0xd8 C:/Users/armstrongsubero/Desktop/Products/Rovari_Code_Examples/CH32_SPEECH/TTS_DEMO_DUO/system/build/textnorm_c1951132.o
 .rodata.str1.4
                0x2010c0a8        0x0 C:/Users/armstrongsubero/Desktop/Products/Rovari_Code_Examples/CH32_SPEECH/TTS_DEMO_DUO/system/build/textnorm_c1951132.o
                                 0x48 (size before relaxing)
 .rodata.small.0
                0x2010c0a8       0x2c C:/Users/armstrongsubero/Desktop/Products/Rovari_Code_Examples/CH32_SPEECH/TTS_DEMO_DUO/system/build/textnorm_c1951132.o
 .rodata.is_pause_token.str1.4
                0x2010c0d4        0x0 C:/Users/armstrongsubero/Desktop/Products/Rovari_Code_Examples/CH32_SPEECH/TTS_DEMO_DUO/system/build/tts_frontend_14e28f97.o
                                 0x26 (size before relaxing)
 .rodata.reciter_guess.str1.4
                0x2010c0d4        0x0 C:/Users/armstrongsubero/Desktop/Products/Rovari_Code_Examples/CH32_SPEECH/TTS_DEMO_DUO/system/build/tts_frontend_14e28f97.o
                                 0x14 (size before relaxing)
 .rodata.reciter_guess
                0x2010c0d4       0x64 C:/Users/armstrongsubero/Desktop/Products/Rovari_Code_Examples/CH32_SPEECH/TTS_DEMO_DUO/system/build/tts_frontend_14e28f97.o
 .rodata.tts_frontend_process.str1.4
                0x2010c138        0x0 C:/Users/armstrongsubero/Desktop/Products/Rovari_Code_Examples/CH32_SPEECH/TTS_DEMO_DUO/system/build/tts_frontend_14e28f97.o
                                 0x49 (size before relaxing)
 .rodata.CSWTCH.41
                0x2010c138       0x29 C:/Users/armstrongsubero/Desktop/Products/Rovari_Code_Examples/CH32_SPEECH/TTS_DEMO_DUO/system/build/tts_frontend_14e28f97.o
 .rodata.str1.4
                0x2010c161        0x0 C:/Users/armstrongsubero/Desktop/Products/Rovari_Code_Examples/CH32_SPEECH/TTS_DEMO_DUO/system/build/tts_frontend_14e28f97.o
                                0x1bf (size before relaxing)
 *fill*         0x2010c161        0x3 
 .rodata.CSWTCH.17
                0x2010c164       0xa4 C:/Users/armstrongsubero/Desktop/Products/Rovari_Code_Examples/CH32_SPEECH/TTS_DEMO_DUO/system/build/tts_frontend_14e28f97.o
 .rodata.words.0
                0x2010c208       0xb8 C:/Users/armstrongsubero/Desktop/Products/Rovari_Code_Examples/CH32_SPEECH/TTS_DEMO_DUO/system/build/tts_frontend_14e28f97.o
 .rodata.user_lexicon
                0x2010c2c0       0x50 C:/Users/armstrongsubero/Desktop/Products/Rovari_Code_Examples/CH32_SPEECH/TTS_DEMO_DUO/system/build/tts_frontend_14e28f97.o
 .rodata.provision_blob.str1.4
                0x2010c310        0x0 C:/Users/armstrongsubero/Desktop/Products/Rovari_Code_Examples/CH32_SPEECH/TTS_DEMO_DUO/system/build/tts_provision_2f7831f6.o
                                 0xcd (size before relaxing)
 .rodata.tts_provision_ensure.str1.4
                0x2010c310        0x0 C:/Users/armstrongsubero/Desktop/Products/Rovari_Code_Examples/CH32_SPEECH/TTS_DEMO_DUO/system/build/tts_provision_2f7831f6.o
                                 0xa9 (size before relaxing)
 .rodata.tts_provision_strerror.str1.4
                0x2010c310        0x0 C:/Users/armstrongsubero/Desktop/Products/Rovari_Code_Examples/CH32_SPEECH/TTS_DEMO_DUO/system/build/tts_provision_2f7831f6.o
                                  0x8 (size before relaxing)
 .rodata.str1.4
                0x2010c310        0x0 C:/Users/armstrongsubero/Desktop/Products/Rovari_Code_Examples/CH32_SPEECH/TTS_DEMO_DUO/system/build/tts_provision_2f7831f6.o
                                0x101 (size before relaxing)
 .rodata.CSWTCH.8
                0x2010c310       0x28 C:/Users/armstrongsubero/Desktop/Products/Rovari_Code_Examples/CH32_SPEECH/TTS_DEMO_DUO/system/build/tts_provision_2f7831f6.o
 .rodata.g_blobs
                0x2010c338       0x30 C:/Users/armstrongsubero/Desktop/Products/Rovari_Code_Examples/CH32_SPEECH/TTS_DEMO_DUO/system/build/tts_provision_2f7831f6.o
 .rodata.SERDESPLLMULTB
                0x2010c368       0x10 C:/Users/armstrongsubero/Desktop/Products/Rovari_Code_Examples/CH32_SPEECH/TTS_DEMO_DUO/system/build/system_ch32h417_d84b448b.o
 .rodata.HBPrescTB
                0x2010c378       0x10 C:/Users/armstrongsubero/Desktop/Products/Rovari_Code_Examples/CH32_SPEECH/TTS_DEMO_DUO/system/build/system_ch32h417_d84b448b.o
 .rodata.PLLMULTB
                0x2010c388       0x20 C:/Users/armstrongsubero/Desktop/Products/Rovari_Code_Examples/CH32_SPEECH/TTS_DEMO_DUO/system/build/system_ch32h417_d84b448b.o
 .rodata.SERDESPLLMULTable
                0x2010c3a8       0x10 C:/Users/armstrongsubero/Desktop/Products/Rovari_Code_Examples/CH32_SPEECH/TTS_DEMO_DUO/system/build/ch32h417_rcc_eb5498b3.o
 .rodata.HBPrescTable
                0x2010c3b8       0x10 C:/Users/armstrongsubero/Desktop/Products/Rovari_Code_Examples/CH32_SPEECH/TTS_DEMO_DUO/system/build/ch32h417_rcc_eb5498b3.o
 .rodata.PLLMULTable
                0x2010c3c8       0x20 C:/Users/armstrongsubero/Desktop/Products/Rovari_Code_Examples/CH32_SPEECH/TTS_DEMO_DUO/system/build/ch32h417_rcc_eb5498b3.o
 .rodata.uart_defs
                0x2010c3e8       0x80 C:/Users/armstrongsubero/Desktop/Products/Rovari_Code_Examples/CH32_SPEECH/TTS_DEMO_DUO/system/build/rovari_uart_b9179535.o
 .rodata.timer_defs
                0x2010c468       0xd0 C:/Users/armstrongsubero/Desktop/Products/Rovari_Code_Examples/CH32_SPEECH/TTS_DEMO_DUO/system/build/rovari_timer_78c19929.o
 .rodata.sd_init.str1.4
                0x2010c538        0x0 C:/Users/armstrongsubero/Desktop/Products/Rovari_Code_Examples/CH32_SPEECH/TTS_DEMO_DUO/system/build/rovari_sdcard_spi_7e951623.o
                                  0x3 (size before relaxing)
 .rodata.follow_path.str1.4
                0x2010c538        0x0 C:/Users/armstrongsubero/Desktop/Products/Rovari_Code_Examples/CH32_SPEECH/TTS_DEMO_DUO/system/build/ff_f2b7cc74.o
                                 0x13 (size before relaxing)
 .rodata.check_fs.str1.4
                0x2010c538        0x0 C:/Users/armstrongsubero/Desktop/Products/Rovari_Code_Examples/CH32_SPEECH/TTS_DEMO_DUO/system/build/ff_f2b7cc74.o
                                  0x9 (size before relaxing)
 .rodata.ExCvt  0x2010c538       0x80 C:/Users/armstrongsubero/Desktop/Products/Rovari_Code_Examples/CH32_SPEECH/TTS_DEMO_DUO/system/build/ff_f2b7cc74.o
 .rodata.LfnOfs
                0x2010c5b8        0xd C:/Users/armstrongsubero/Desktop/Products/Rovari_Code_Examples/CH32_SPEECH/TTS_DEMO_DUO/system/build/ff_f2b7cc74.o
 *fill*         0x2010c5c5        0x3 
 .rodata.ff_wtoupper
                0x2010c5c8       0x24 C:/Users/armstrongsubero/Desktop/Products/Rovari_Code_Examples/CH32_SPEECH/TTS_DEMO_DUO/system/build/ffunicode_39709b4c.o
 .rodata.cvt2.0
                0x2010c5ec       0xbc C:/Users/armstrongsubero/Desktop/Products/Rovari_Code_Examples/CH32_SPEECH/TTS_DEMO_DUO/system/build/ffunicode_39709b4c.o
 .rodata.cvt1.1
                0x2010c6a8      0x1f2 C:/Users/armstrongsubero/Desktop/Products/Rovari_Code_Examples/CH32_SPEECH/TTS_DEMO_DUO/system/build/ffunicode_39709b4c.o
 *fill*         0x2010c89a        0x2 
 .rodata.uc437  0x2010c89c      0x100 C:/Users/armstrongsubero/Desktop/Products/Rovari_Code_Examples/CH32_SPEECH/TTS_DEMO_DUO/system/build/ffunicode_39709b4c.o
 .rodata.__clz_tab
                0x2010c99c      0x100 C:/Users/armstrongsubero/Desktop/Products/02_Rovari_Studio/Rovari_System_Studio/toolchain/bin/../lib/gcc/riscv-none-elf/15.2.0/rv32imafc_zicsr_zaamo_zalrsc/ilp32f\libgcc.a(_clz.o)
                0x2010c99c                __clz_tab
 .rodata._svfprintf_r.str1.4
                0x2010ca9c        0x0 C:/Users/armstrongsubero/Desktop/Products/02_Rovari_Studio/Rovari_System_Studio/toolchain/bin/../lib/gcc/riscv-none-elf/15.2.0/../../../../riscv-none-elf/lib/rv32imafc_zicsr_zaamo_zalrsc/ilp32f\libc_nano.a(libc_a-nano-svfprintf.o)
                                 0x13 (size before relaxing)
 .rodata._vfprintf_r.str1.4
                0x2010ca9c        0x0 C:/Users/armstrongsubero/Desktop/Products/02_Rovari_Studio/Rovari_System_Studio/toolchain/bin/../lib/gcc/riscv-none-elf/15.2.0/../../../../riscv-none-elf/lib/rv32imafc_zicsr_zaamo_zalrsc/ilp32f\libc_nano.a(libc_a-nano-vfprintf.o)
                                 0x13 (size before relaxing)
 .rodata._printf_i.str1.4
                0x2010ca9c        0x0 C:/Users/armstrongsubero/Desktop/Products/02_Rovari_Studio/Rovari_System_Studio/toolchain/bin/../lib/gcc/riscv-none-elf/15.2.0/../../../../riscv-none-elf/lib/rv32imafc_zicsr_zaamo_zalrsc/ilp32f\libc_nano.a(libc_a-nano-vfprintf_i.o)
                                 0x25 (size before relaxing)
 .rodata._printf_i
                0x2010ca9c       0x58 C:/Users/armstrongsubero/Desktop/Products/02_Rovari_Studio/Rovari_System_Studio/toolchain/bin/../lib/gcc/riscv-none-elf/15.2.0/../../../../riscv-none-elf/lib/rv32imafc_zicsr_zaamo_zalrsc/ilp32f\libc_nano.a(libc_a-nano-vfprintf_i.o)
 *(.sdata2.*)
 *(.glue_7)
 *(.glue_7t)
 *(.gnu.linkonce.t.*)
                0x2010caf4                        . = ALIGN (0x4)
                0x2010caf4                        PROVIDE (_highcode_vma_end = .)

.text           0x0000cbec       0x90
                0x0000cbec                        . = ALIGN (0x4)
 *(SORT_NONE(.handle_reset))
 .handle_reset  0x0000cbec       0x8e C:/Users/armstrongsubero/Desktop/Products/Rovari_Code_Examples/CH32_SPEECH/TTS_DEMO_DUO/system/build/startup_11f0cfbb.o
                0x0000cbec                handle_reset
                0x0000cc7c                        . = ALIGN (0x4)
 *fill*         0x0000cc7a        0x2 

.rela.dyn       0x0000cc7c        0x0
 .rela.text._ZL11v5f_commandmm
                0x0000cc7c        0x0 C:/Users/armstrongsubero/Desktop/Products/Rovari_Code_Examples/CH32_SPEECH/TTS_DEMO_DUO/system/build/app_2f2517d3.o
 .rela.text._ZL8play_pcmm
                0x0000cc7c        0x0 C:/Users/armstrongsubero/Desktop/Products/Rovari_Code_Examples/CH32_SPEECH/TTS_DEMO_DUO/system/build/app_2f2517d3.o
 .rela.text._ZL9write_wavPKsm.constprop.0
                0x0000cc7c        0x0 C:/Users/armstrongsubero/Desktop/Products/Rovari_Code_Examples/CH32_SPEECH/TTS_DEMO_DUO/system/build/app_2f2517d3.o
 .rela.text._ZL5speakPKc
                0x0000cc7c        0x0 C:/Users/armstrongsubero/Desktop/Products/Rovari_Code_Examples/CH32_SPEECH/TTS_DEMO_DUO/system/build/app_2f2517d3.o
 .rela.text.app_init
                0x0000cc7c        0x0 C:/Users/armstrongsubero/Desktop/Products/Rovari_Code_Examples/CH32_SPEECH/TTS_DEMO_DUO/system/build/app_2f2517d3.o
 .rela.text.app_run
                0x0000cc7c        0x0 C:/Users/armstrongsubero/Desktop/Products/Rovari_Code_Examples/CH32_SPEECH/TTS_DEMO_DUO/system/build/app_2f2517d3.o
 .rela.text.startup._GLOBAL__sub_I_app_init
                0x0000cc7c        0x0 C:/Users/armstrongsubero/Desktop/Products/Rovari_Code_Examples/CH32_SPEECH/TTS_DEMO_DUO/system/build/app_2f2517d3.o
 .rela.text.startup._GLOBAL__sub_I__Z10block_initv
                0x0000cc7c        0x0 C:/Users/armstrongsubero/Desktop/Products/Rovari_Code_Examples/CH32_SPEECH/TTS_DEMO_DUO/system/build/app_2f2517d3.o
 .rela.init     0x0000cc7c        0x0 C:/Users/armstrongsubero/Desktop/Products/Rovari_Code_Examples/CH32_SPEECH/TTS_DEMO_DUO/system/build/app_2f2517d3.o
 .rela.vector   0x0000cc7c        0x0 C:/Users/armstrongsubero/Desktop/Products/Rovari_Code_Examples/CH32_SPEECH/TTS_DEMO_DUO/system/build/app_2f2517d3.o
 .rela.load     0x0000cc7c        0x0 C:/Users/armstrongsubero/Desktop/Products/Rovari_Code_Examples/CH32_SPEECH/TTS_DEMO_DUO/system/build/app_2f2517d3.o
 .rela.handle_reset
                0x0000cc7c        0x0 C:/Users/armstrongsubero/Desktop/Products/Rovari_Code_Examples/CH32_SPEECH/TTS_DEMO_DUO/system/build/app_2f2517d3.o
 .rela.text._sbrk
                0x0000cc7c        0x0 C:/Users/armstrongsubero/Desktop/Products/Rovari_Code_Examples/CH32_SPEECH/TTS_DEMO_DUO/system/build/app_2f2517d3.o
 .rela.sdata.curbrk.0
                0x0000cc7c        0x0 C:/Users/armstrongsubero/Desktop/Products/Rovari_Code_Examples/CH32_SPEECH/TTS_DEMO_DUO/system/build/app_2f2517d3.o
 .rela.text.__libc_init_array
                0x0000cc7c        0x0 C:/Users/armstrongsubero/Desktop/Products/Rovari_Code_Examples/CH32_SPEECH/TTS_DEMO_DUO/system/build/app_2f2517d3.o
 .rela.text._svfprintf_r
                0x0000cc7c        0x0 C:/Users/armstrongsubero/Desktop/Products/Rovari_Code_Examples/CH32_SPEECH/TTS_DEMO_DUO/system/build/app_2f2517d3.o
 .rela.text._vfprintf_r
                0x0000cc7c        0x0 C:/Users/armstrongsubero/Desktop/Products/Rovari_Code_Examples/CH32_SPEECH/TTS_DEMO_DUO/system/build/app_2f2517d3.o

.highcodelalign1
                0x0000cc7c        0x0
                0x0000cc7c                        . = ALIGN (0x4)
                0x0000cc7c                        PROVIDE (_highcode_lma1 = .)

.fini           0x2010caf4        0x0 load address 0x0000cc7c
                0x2010caf4                        . = ALIGN (0x4)
                0x2010caf4                        PROVIDE (_highcode_vma_start1 = .)
 *(SORT_NONE(.fini))
                0x2010caf4                        . = ALIGN (0x4)
                [!provide]                        PROVIDE (_etext = .)
                [!provide]                        PROVIDE (_eitcm = .)

.preinit_array  0x2010caf4        0x0 load address 0x0000cc7c
                0x2010caf4                        PROVIDE (__preinit_array_start = .)
 *(.preinit_array)
                0x2010caf4                        PROVIDE (__preinit_array_end = .)

.init_array     0x2010caf4        0x8 load address 0x0000cc7c
                0x2010caf4                        PROVIDE (__init_array_start = .)
 *(SORT_BY_INIT_PRIORITY(.init_array.*) SORT_BY_INIT_PRIORITY(.ctors.*))
 *(.init_array EXCLUDE_FILE(*crtend?.o *crtend.o *crtbegin?.o *crtbegin.o) .ctors)
 .init_array    0x2010caf4        0x4 C:/Users/armstrongsubero/Desktop/Products/Rovari_Code_Examples/CH32_SPEECH/TTS_DEMO_DUO/system/build/app_2f2517d3.o
 .init_array    0x2010caf8        0x4 C:/Users/armstrongsubero/Desktop/Products/Rovari_Code_Examples/CH32_SPEECH/TTS_DEMO_DUO/system/build/rovari.blocks_f49ab14c.o
                0x2010cafc                        PROVIDE (__init_array_end = .)

.fini_array     0x2010cafc        0x0 load address 0x0000cc84
                [!provide]                        PROVIDE (__fini_array_start = .)
 *(SORT_BY_INIT_PRIORITY(.fini_array.*) SORT_BY_INIT_PRIORITY(.dtors.*))
 *(.fini_array EXCLUDE_FILE(*crtend?.o *crtend.o *crtbegin?.o *crtbegin.o) .dtors)
                [!provide]                        PROVIDE (__fini_array_end = .)

.ctors
 *crtbegin.o(.ctors)
 *crtbegin?.o(.ctors)
 *(EXCLUDE_FILE(*crtend?.o *crtend.o) .ctors)
 *(SORT_BY_NAME(.ctors.*))
 *(.ctors)

.dtors          0x2010cafc        0x0 load address 0x0000cc84
 *crtbegin.o(.dtors)
 *crtbegin?.o(.dtors)
 *(EXCLUDE_FILE(*crtend?.o *crtend.o) .dtors)
 *(SORT_BY_NAME(.dtors.*))
 *(.dtors)
                0x2010cafc                        . = ALIGN (0x4)
                0x2010cafc                        PROVIDE (_highcode_vma_end1 = .)

.dalign         0x20110100        0x0 load address 0x0000cc84
                0x20110100                        . = ALIGN (0x4)
                0x20110100                        PROVIDE (_data_vma = .)

.dlalign        0x0000cc84        0x0
                0x0000cc84                        . = ALIGN (0x4)
                0x0000cc84                        PROVIDE (_data_lma = .)

.data           0x20110100      0x11c load address 0x0000cc84
                0x20110100                        . = ALIGN (0x4)
 *(.gnu.linkonce.r.*)
 *(.data .data.*)
 .data._ZZL9write_wavPKsmE4path
                0x20110100        0xe C:/Users/armstrongsubero/Desktop/Products/Rovari_Code_Examples/CH32_SPEECH/TTS_DEMO_DUO/system/build/app_2f2517d3.o
 *fill*         0x2011010e        0x2 
 .data._impure_data
                0x20110110       0x4c C:/Users/armstrongsubero/Desktop/Products/02_Rovari_Studio/Rovari_System_Studio/toolchain/bin/../lib/gcc/riscv-none-elf/15.2.0/../../../../riscv-none-elf/lib/rv32imafc_zicsr_zaamo_zalrsc/ilp32f\libc_nano.a(libc_a-impure.o)
                0x20110110                _impure_data
 .data.__sglue  0x2011015c        0xc C:/Users/armstrongsubero/Desktop/Products/02_Rovari_Studio/Rovari_System_Studio/toolchain/bin/../lib/gcc/riscv-none-elf/15.2.0/../../../../riscv-none-elf/lib/rv32imafc_zicsr_zaamo_zalrsc/ilp32f\libc_nano.a(libc_a-findfp.o)
                0x2011015c                __sglue
 *(.gnu.linkonce.d.*)
                0x20110168                        . = ALIGN (0x8)
                0x20110968                        PROVIDE (__global_pointer$ = (. + 0x800))
 *(.sdata .sdata.*)
 .sdata.g_cur_word
                0x20110168        0x2 C:/Users/armstrongsubero/Desktop/Products/Rovari_Code_Examples/CH32_SPEECH/TTS_DEMO_DUO/system/build/tts_frontend_14e28f97.o
 *fill*         0x2011016a        0x2 
 .sdata.SystemCoreClock
                0x2011016c        0x4 C:/Users/armstrongsubero/Desktop/Products/Rovari_Code_Examples/CH32_SPEECH/TTS_DEMO_DUO/system/build/system_ch32h417_d84b448b.o
                0x2011016c                SystemCoreClock
 .sdata.SystemClock
                0x20110170        0x4 C:/Users/armstrongsubero/Desktop/Products/Rovari_Code_Examples/CH32_SPEECH/TTS_DEMO_DUO/system/build/system_ch32h417_d84b448b.o
                0x20110170                SystemClock
 .sdata.curbrk.0
                0x20110174        0x4 C:/Users/armstrongsubero/Desktop/Products/Rovari_Code_Examples/CH32_SPEECH/TTS_DEMO_DUO/system/build/debug_fb75bc4f.o
 .sdata.disk_stat
                0x20110178        0x1 C:/Users/armstrongsubero/Desktop/Products/Rovari_Code_Examples/CH32_SPEECH/TTS_DEMO_DUO/system/build/rovari_sdcard_spi_7e951623.o
 .sdata.slow_mode
                0x20110179        0x1 C:/Users/armstrongsubero/Desktop/Products/Rovari_Code_Examples/CH32_SPEECH/TTS_DEMO_DUO/system/build/rovari_sdcard_spi_7e951623.o
 *fill*         0x2011017a        0x2 
 .sdata._impure_ptr
                0x2011017c        0x4 C:/Users/armstrongsubero/Desktop/Products/02_Rovari_Studio/Rovari_System_Studio/toolchain/bin/../lib/gcc/riscv-none-elf/15.2.0/../../../../riscv-none-elf/lib/rv32imafc_zicsr_zaamo_zalrsc/ilp32f\libc_nano.a(libc_a-impure.o)
                0x2011017c                _impure_ptr
 *(.sdata2.*)
 *(.gnu.linkonce.s.*)
                0x20110180                        . = ALIGN (0x8)
 *(.srodata.cst16)
 *(.srodata.cst8)
 *(.srodata.cst4)
 .srodata.cst4  0x20110180       0x40 C:/Users/armstrongsubero/Desktop/Products/Rovari_Code_Examples/CH32_SPEECH/TTS_DEMO_DUO/system/build/tts_frontend_14e28f97.o
 *(.srodata.cst2)
 *(.srodata .srodata.*)
 .srodata.ulx_st_RISCV